// Jest Snapshot v1, https://goo.gl/fbAQLP

exports[`Simple linked items element contains reference to another items passes with no error 1`] = `
Array [
  Array [
    Object {
      "children": Array [],
      "contentItems___NODE": Array [
        "dummy-kentico-kontent-item-main-project-default",
        "dummy-kentico-kontent-item-sub-project-1-default",
        "dummy-kentico-kontent-item-sub-project-2-default",
      ],
      "elements": Array [
        Object {
          "codename": "related_projects",
          "name": "Related projects",
          "options": Array [],
          "type": "modular_content",
        },
        Object {
          "codename": "content",
          "name": "Content",
          "options": Array [],
          "type": "text",
        },
      ],
      "id": "dummy-kentico-kontent-type-project",
      "internal": Object {
        "contentDigest": "98b4a5274bd4a532bf161ca1f3631df1",
        "type": "KontentTypeProject",
      },
      "parent": null,
      "system": Object {
        "codename": "project",
        "id": "ec706130-b0dd-401c-ae1a-10f2eeb2eb89",
        "lastModified": "2018-12-28T12:29:09.4933517Z",
        "name": "Project",
      },
      "usedByContentItems___NODE": Array [],
    },
  ],
  Array [
    Object {
      "children": Array [],
      "contentType___NODE": "dummy-kentico-kontent-type-project",
      "elements": Object {
        "content": Object {
          "name": "Content",
          "type": "text",
          "value": "Main project content",
        },
        "related_projects": Object {
          "itemCodenames": Array [
            "sub_project_1",
            "sub_project_2",
          ],
          "linked_items___NODE": Array [
            "dummy-kentico-kontent-item-sub-project-1-default",
            "dummy-kentico-kontent-item-sub-project-2-default",
          ],
          "name": "Related projects",
          "type": "modular_content",
        },
      },
      "id": "dummy-kentico-kontent-item-main-project-default",
      "internal": Object {
        "contentDigest": "ffad216a3735a2333747cb85ec66cef6",
        "type": "KontentItemProject",
      },
      "otherLanguages___NODE": Array [],
      "parent": null,
      "preferred_language": "default",
      "system": Object {
        "codename": "main_project",
        "id": "1a3aa6bd-7b4b-486f-86ab-7bfe359ad614",
        "language": "default",
        "lastModified": "2018-12-28T12:53:59.075Z",
        "name": "Main project",
        "sitemapLocations": Array [],
        "type": "project",
      },
      "usedByContentItems___NODE": Array [],
    },
  ],
  Array [
    Object {
      "children": Array [],
      "contentType___NODE": "dummy-kentico-kontent-type-project",
      "elements": Object {
        "content": Object {
          "name": "Content",
          "type": "text",
          "value": "Sub project 1 content",
        },
        "related_projects": Object {
          "itemCodenames": Array [],
          "linked_items___NODE": Array [],
          "name": "Related projects",
          "type": "modular_content",
        },
      },
      "id": "dummy-kentico-kontent-item-sub-project-1-default",
      "internal": Object {
        "contentDigest": "1ed4ffc99a2861d499cdb18bd8a301b0",
        "type": "KontentItemProject",
      },
      "otherLanguages___NODE": Array [],
      "parent": null,
      "preferred_language": "default",
      "system": Object {
        "codename": "sub_project_1",
        "id": "8a7f275d-0e1c-4b30-af3e-f02c91259faf",
        "language": "default",
        "lastModified": "2019-01-14T15:52:54.904Z",
        "name": "Sub project 1",
        "sitemapLocations": Array [],
        "type": "project",
      },
      "usedByContentItems___NODE": Array [
        "dummy-kentico-kontent-item-main-project-default",
      ],
    },
  ],
  Array [
    Object {
      "children": Array [],
      "contentType___NODE": "dummy-kentico-kontent-type-project",
      "elements": Object {
        "content": Object {
          "name": "Content",
          "type": "text",
          "value": "Sub project 2 content",
        },
        "related_projects": Object {
          "itemCodenames": Array [],
          "linked_items___NODE": Array [],
          "name": "Related projects",
          "type": "modular_content",
        },
      },
      "id": "dummy-kentico-kontent-item-sub-project-2-default",
      "internal": Object {
        "contentDigest": "01e161a742aa48aaad251f263b292722",
        "type": "KontentItemProject",
      },
      "otherLanguages___NODE": Array [],
      "parent": null,
      "preferred_language": "default",
      "system": Object {
        "codename": "sub_project_2",
        "id": "91703600-4d43-410e-ba48-93c6c8b0a754",
        "language": "default",
        "lastModified": "2018-12-28T12:30:21.664Z",
        "name": "Sub project 2",
        "sitemapLocations": Array [],
        "type": "project",
      },
      "usedByContentItems___NODE": Array [
        "dummy-kentico-kontent-item-main-project-default",
      ],
    },
  ],
]
`;
