// Jest Snapshot v1, https://goo.gl/fbAQLP

exports[`Complex content types schema resolution passes with no error 1`] = `
Array [
  Array [
    "
    interface KontentType @nodeInterface {
      id: ID!
      system: KontentTypeSystem!
      elements: [KontentTypeElement]
      contentItems: [KontentItem] @link(by: \\"id\\", from: \\"contentItems___NODE\\")
    }
    type KontentTypeSystem @infer {
      codename: String!
      id: String!
      lastModified: Date! @dateformat
      name: String!
    }
    type KontentTypeElement @infer {
      codename: String!
      name: String!
      type: String!
      taxonomyGroup: String
      options: [ElementOption]
    }
    type ElementOption {
      name: String
      codename: String
    }
    interface KontentItem @nodeInterface {
      id: ID!
      system: KontentItemSystem!
      preferred_language: String!
      contentType: KontentType! @link(by: \\"id\\", from: \\"contentType___NODE\\")
      usedByContentItems: 
        [KontentItem] @link(by: \\"id\\", from: \\"usedByContentItems___NODE\\")
    }
    interface KontentElement @dontInfer {
      name: String!
      type: String!
    }
    type KontentItemSystem @infer {
      codename: String!
      id: String!
      language: String!
      lastModified: Date! @dateformat
      name: String!
      type: String!
    }
    type KontentAsset @infer {
      name: String!
      description: String
      type: String!
      size: Int!
      url: String!
      width: Int
      height: Int
    }
    type KontentElementMultipleChoiceValue @infer {
      codename: String!
      name: String!
    }
    type KontentElementRichTextResolvedData @infer{
      html: String
      linkedItemCodenames: [String]
      componentCodenames: [String]
    }
    type KontentRichTextImage @infer {
      description: String
      height: Int!
      imageId: String!
      url: String!
      width: Int!
    }
    type KontentRichTextLink @infer {
      codename: String!
      linkId: String!
      type: String!
      urlSlug: String!
    }
    type KontentAssetElement implements KontentElement @infer {
      name: String!
      type: String!
      value: [KontentAsset]
    }
    type KontentDateTimeElement implements KontentElement @infer {
      name: String!
      type: String!
      value: Date @dateformat
    }
    type KontentModularContentElement implements KontentElement @infer {
      name: String!
      type: String!
      itemCodenames: [String]
      linked_items: [KontentItem] @link(by: \\"id\\", from: \\"linked_items___NODE\\")
    }
    type KontentMultipleChoiceElement implements KontentElement @infer {
      name: String!
      type: String!
      value: [KontentElementMultipleChoiceValue]
    }
    type KontentNumberElement implements KontentElement @infer {
      name: String!
      type: String!
      value: Float
    }
    type KontentRichTextElement implements KontentElement @infer {
      name: String!
      type: String!
      value: String
      images: [KontentRichTextImage]
      links: [KontentRichTextLink]
      linked_items: [KontentItem] @link(by: \\"id\\", from: \\"linked_items___NODE\\")
      linkedItemCodenames: [String]
      resolvedData: KontentElementRichTextResolvedData
    }

    type KontentTaxonomyElement implements KontentElement @infer {
      name: String!
      type: String!
      taxonomyGroup: String!
      value: [KontentTaxonomyItem]
    }
    type KontentTaxonomyItem @infer {
      name: String!
      codename: String!
    }
    type KontentTextElement implements KontentElement @infer {
      name: String!
      type: String!
      value: String
    }
    type KontentUrlSlugElement implements KontentElement @infer {
      name: String!
      type: String!
      value: String
    }
    type KontentCustomElement implements KontentElement @infer {
      name: String!
      type: String!
      value: String
    }
  ",
  ],
  Array [
    Array [
      Object {
        "data": "Returning from mocked schema's buildObjectType function.
        Original input: [object Object]",
      },
      Object {
        "data": "Returning from mocked schema's buildObjectType function.
        Original input: [object Object]",
      },
      Object {
        "data": "Returning from mocked schema's buildObjectType function.
        Original input: [object Object]",
      },
      Object {
        "data": "Returning from mocked schema's buildObjectType function.
        Original input: [object Object]",
      },
      Object {
        "data": "Returning from mocked schema's buildObjectType function.
        Original input: [object Object]",
      },
      Object {
        "data": "Returning from mocked schema's buildObjectType function.
        Original input: [object Object]",
      },
    ],
  ],
]
`;

exports[`Complex content types schema resolution passes with no error 2`] = `
Array [
  Array [
    Object {
      "fields": Object {
        "contentItems": Object {
          "resolve": [Function],
          "type": "[KontentItem-withitem]",
        },
        "elements": "[KontentTypeElement]",
        "system": "KontentTypeSystem!",
      },
      "infer": false,
      "interfaces": Array [
        "Node",
        "KontentType",
      ],
      "name": "KontentType-withitem",
    },
  ],
  Array [
    Object {
      "fields": Object {
        "description": Object {
          "type": "KontentRichTextElement",
        },
        "title": Object {
          "type": "KontentTextElement",
        },
      },
      "infer": false,
      "name": "KontentItem-withitemElements",
    },
  ],
  Array [
    Object {
      "fields": Object {
        "contentType": Object {
          "resolve": [Function],
          "type": "KontentType-withitem!",
        },
        "elements": "KontentItem-withitemElements!",
        "preferred_language": "String!",
        "system": "KontentItemSystem!",
        "usedByContentItems": Object {
          "resolve": [Function],
          "type": "[KontentItem]",
        },
      },
      "infer": false,
      "interfaces": Array [
        "Node",
        "KontentItem",
      ],
      "name": "KontentItem-withitem",
    },
  ],
  Array [
    Object {
      "fields": Object {
        "contentItems": Object {
          "resolve": [Function],
          "type": "[KontentItem-withoutitem]",
        },
        "elements": "[KontentTypeElement]",
        "system": "KontentTypeSystem!",
      },
      "infer": false,
      "interfaces": Array [
        "Node",
        "KontentType",
      ],
      "name": "KontentType-withoutitem",
    },
  ],
  Array [
    Object {
      "fields": Object {
        "born": Object {
          "type": "KontentDateTimeElement",
        },
        "count_of_everything": Object {
          "type": "KontentNumberElement",
        },
        "custocm_color_picker": Object {
          "type": "KontentCustomElement",
        },
        "description": Object {
          "type": "KontentRichTextElement",
        },
        "photos": Object {
          "type": "KontentAssetElement",
        },
        "related_items": Object {
          "type": "KontentModularContentElement",
        },
        "title": Object {
          "type": "KontentTextElement",
        },
        "your_awesome_choices": Object {
          "type": "KontentMultipleChoiceElement",
        },
      },
      "infer": false,
      "name": "KontentItem-withoutitemElements",
    },
  ],
  Array [
    Object {
      "fields": Object {
        "contentType": Object {
          "resolve": [Function],
          "type": "KontentType-withoutitem!",
        },
        "elements": "KontentItem-withoutitemElements!",
        "preferred_language": "String!",
        "system": "KontentItemSystem!",
        "usedByContentItems": Object {
          "resolve": [Function],
          "type": "[KontentItem]",
        },
      },
      "infer": false,
      "interfaces": Array [
        "Node",
        "KontentItem",
      ],
      "name": "KontentItem-withoutitem",
    },
  ],
]
`;
