// Jest Snapshot v1, https://goo.gl/fbAQLP

exports[`sourceNodes complex multilingual data section resolve all element types in two languages 1`] = `
Array [
  Array [
    Object {
      "children": Array [],
      "contentItems___NODE": Array [
        "dummyId",
      ],
      "elements": Array [
        Object {
          "codename": "profile_photo",
          "name": "Profile Photo",
          "options": Array [],
          "type": "asset",
        },
        Object {
          "codename": "bio",
          "name": "Bio",
          "options": Array [],
          "type": "rich_text",
        },
        Object {
          "codename": "name_and_surname",
          "name": "Name and Surname",
          "options": Array [],
          "type": "text",
        },
        Object {
          "codename": "gender",
          "name": "Gender",
          "options": Array [
            Object {
              "codename": "man",
              "name": "Man",
            },
            Object {
              "codename": "woman",
              "name": "Woman",
            },
            Object {
              "codename": "other",
              "name": "Other",
            },
          ],
          "type": "multiple_choice",
        },
        Object {
          "codename": "favorite_number",
          "name": "Favorite Number",
          "options": Array [],
          "type": "number",
        },
        Object {
          "codename": "url_slug",
          "name": "URL slug",
          "options": Array [],
          "type": "url_slug",
        },
        Object {
          "codename": "date_of_birth",
          "name": "Date of Birth",
          "options": Array [],
          "type": "date_time",
        },
      ],
      "id": "dummyId",
      "internal": Object {
        "contentDigest": "f7d4c0e1c50a343bb14462ccea9d98ac",
        "type": "KenticoCloudTypePerson",
      },
      "parent": null,
      "system": Object {
        "codename": "person",
        "id": "081a7b99-575d-473c-9cd0-67094803da73",
        "lastModified": "2019-04-01T18:07:57.2978661Z",
        "name": "Person",
      },
      "usedByContentItems___NODE": Array [],
    },
  ],
  Array [
    Object {
      "children": Array [],
      "contentItems___NODE": Array [
        "dummyId",
      ],
      "elements": Array [
        Object {
          "codename": "description",
          "name": "Description",
          "options": Array [],
          "type": "custom",
        },
        Object {
          "codename": "name",
          "name": "Name",
          "options": Array [],
          "type": "text",
        },
        Object {
          "codename": "url",
          "name": "URL",
          "options": Array [],
          "type": "text",
        },
      ],
      "id": "dummyId",
      "internal": Object {
        "contentDigest": "869aad503b33b24c16a9910c78bf6988",
        "type": "KenticoCloudTypeRepository",
      },
      "parent": null,
      "system": Object {
        "codename": "repository",
        "id": "c88be77c-83a6-4839-855f-66c28f624d1d",
        "lastModified": "2019-04-01T18:29:04.7184530Z",
        "name": "Repository",
      },
      "usedByContentItems___NODE": Array [],
    },
  ],
  Array [
    Object {
      "children": Array [],
      "contentItems___NODE": Array [
        "dummyId",
        "dummyId",
      ],
      "elements": Array [
        Object {
          "codename": "summary",
          "name": "Summary",
          "options": Array [],
          "type": "rich_text",
        },
        Object {
          "codename": "name",
          "name": "Name",
          "options": Array [],
          "type": "text",
        },
        Object {
          "codename": "assets",
          "name": "Assets",
          "options": Array [],
          "type": "asset",
        },
        Object {
          "codename": "excercise",
          "name": "Excercise",
          "options": Array [],
          "type": "rich_text",
        },
        Object {
          "codename": "agenda",
          "name": "Agenda",
          "options": Array [],
          "type": "modular_content",
        },
        Object {
          "codename": "checklist",
          "name": "Checklist",
          "options": Array [
            Object {
              "codename": "training_sessions_scheduled",
              "name": "Training sessions scheduled",
            },
            Object {
              "codename": "training_rooms_reserved",
              "name": "Training rooms reserved",
            },
            Object {
              "codename": "presentations_and_files_proofread",
              "name": "Presentations and files proofread",
            },
            Object {
              "codename": "introduction_and_supporting_files_uploaded",
              "name": "Introduction and supporting files uploaded",
            },
            Object {
              "codename": "start_code_files_and_final_code_files_uploaded",
              "name": "START code files and FINAL code files uploaded",
            },
            Object {
              "codename": "exercise_step_by_step_instructions_added",
              "name": "Exercise step-by-step instructions added",
            },
            Object {
              "codename": "training_session_tagged_in_confluence",
              "name": "Training session tagged in Confluence",
            },
          ],
          "type": "multiple_choice",
        },
        Object {
          "codename": "presenter",
          "name": "Presenter",
          "options": Array [],
          "type": "modular_content",
        },
      ],
      "id": "dummyId",
      "internal": Object {
        "contentDigest": "ac523994cd0d2b78924efc6b65f1251b",
        "type": "KenticoCloudTypeSession",
      },
      "parent": null,
      "system": Object {
        "codename": "session",
        "id": "9dfcd879-0d06-45ca-9b2c-67fd9c6e3b34",
        "lastModified": "2019-04-01T18:40:04.7086396Z",
        "name": "Session",
      },
      "usedByContentItems___NODE": Array [],
    },
  ],
  Array [
    Object {
      "children": Array [],
      "contentItems___NODE": Array [
        "dummyId",
        "dummyId",
        "dummyId",
        "dummyId",
        "dummyId",
        "dummyId",
        "dummyId",
        "dummyId",
        "dummyId",
        "dummyId",
        "dummyId",
      ],
      "elements": Array [
        Object {
          "codename": "text",
          "name": "Text",
          "options": Array [],
          "type": "rich_text",
        },
      ],
      "id": "dummyId",
      "internal": Object {
        "contentDigest": "356d79eeace24742f07610286be1e38f",
        "type": "KenticoCloudTypeStep",
      },
      "parent": null,
      "system": Object {
        "codename": "step",
        "id": "c4b8e601-77f5-4535-b522-8b38db55873e",
        "lastModified": "2019-04-01T18:40:11.1952697Z",
        "name": "Step",
      },
      "usedByContentItems___NODE": Array [],
    },
  ],
  Array [
    Object {
      "children": Array [],
      "contentItems___NODE": Array [
        "dummyId",
      ],
      "elements": Array [
        Object {
          "codename": "author",
          "name": "Author",
          "options": Array [],
          "type": "modular_content",
        },
        Object {
          "codename": "name",
          "name": "Name",
          "options": Array [],
          "type": "text",
        },
        Object {
          "codename": "sessions",
          "name": "Sessions",
          "options": Array [],
          "type": "modular_content",
        },
        Object {
          "codename": "description",
          "name": "Description",
          "options": Array [],
          "type": "rich_text",
        },
      ],
      "id": "dummyId",
      "internal": Object {
        "contentDigest": "013d432096234075d8bf620a3e49fef5",
        "type": "KenticoCloudTypeTraining",
      },
      "parent": null,
      "system": Object {
        "codename": "training",
        "id": "d4cf750f-61d3-4782-bf9c-b7184b7b2fc3",
        "lastModified": "2019-04-01T18:44:00.4246990Z",
        "name": "Training",
      },
      "usedByContentItems___NODE": Array [],
    },
  ],
  Array [
    Object {
      "children": Array [],
      "contentItems___NODE": Array [
        "dummyId",
      ],
      "elements": Array [
        Object {
          "codename": "url",
          "name": "URL",
          "options": Array [],
          "type": "text",
        },
        Object {
          "codename": "name",
          "name": "Name",
          "options": Array [],
          "type": "text",
        },
        Object {
          "codename": "description",
          "name": "Description",
          "options": Array [],
          "type": "rich_text",
        },
      ],
      "id": "dummyId",
      "internal": Object {
        "contentDigest": "5d46b28f5531548b56f85712b9bd4628",
        "type": "KenticoCloudTypeWebsite",
      },
      "parent": null,
      "system": Object {
        "codename": "website",
        "id": "aeabe925-9221-4fb2-bc3a-2a91abc904fd",
        "lastModified": "2019-04-01T18:33:45.0353591Z",
        "name": "Website",
      },
      "usedByContentItems___NODE": Array [],
    },
  ],
  Array [
    Object {
      "children": Array [],
      "contentType___NODE": "dummyId",
      "elements": Object {
        "text": Object {
          "images": Array [],
          "linkedItemCodenames": Array [],
          "linked_items___NODE": Array [],
          "links": Array [],
          "name": "Text",
          "resolvedHtml": "<ul>
  <li>Theoretical&nbsp;<a href=\\"https://developer.kenticocloud.com/docs/integrating-content-editing-features\\">concept of custom elements</a>&nbsp;and&nbsp;<a href=\\"https://developer.kenticocloud.com/v1/reference#custom-elements-api\\">API reference</a>&nbsp;walkthrough.</li>
</ul>",
          "type": "rich_text",
          "value": "<ul>
  <li>Theoretical&nbsp;<a href=\\"https://developer.kenticocloud.com/docs/integrating-content-editing-features\\">concept of custom elements</a>&nbsp;and&nbsp;<a href=\\"https://developer.kenticocloud.com/v1/reference#custom-elements-api\\">API reference</a>&nbsp;walkthrough.</li>
</ul>",
        },
      },
      "id": "dummyId",
      "internal": Object {
        "contentDigest": "c64ecb67ae8a7dc937097bae55e55dbc",
        "type": "KenticoCloudItemStep",
      },
      "otherLanguages___NODE": Array [
        "dummyId",
      ],
      "parent": null,
      "system": Object {
        "codename": "concept",
        "id": "b5624158-93f1-44f9-971e-aac85610ab10",
        "language": "default",
        "lastModified": "2019-04-01T18:55:51.8341002Z",
        "name": "Concept",
        "sitemapLocations": Array [],
        "type": "step",
      },
      "usedByContentItems___NODE": Array [
        "dummyId",
      ],
    },
  ],
  Array [
    Object {
      "children": Array [],
      "contentType___NODE": "dummyId",
      "elements": Object {
        "text": Object {
          "images": Array [],
          "linkedItemCodenames": Array [],
          "linked_items___NODE": Array [],
          "links": Array [],
          "name": "Text",
          "resolvedHtml": "<ul>
  <li>How to develop custom element using&nbsp;<a href=\\"https://github.com/Kentico/custom-element-devkit\\">Custom element devkit</a>&nbsp;using&nbsp;<a href=\\"https://www.npmjs.com/package/react-datepicker\\">React Datepicker</a></li>
</ul>",
          "type": "rich_text",
          "value": "<ul>
  <li>How to develop custom element using&nbsp;<a href=\\"https://github.com/Kentico/custom-element-devkit\\">Custom element devkit</a>&nbsp;using&nbsp;<a href=\\"https://www.npmjs.com/package/react-datepicker\\">React Datepicker</a></li>
</ul>",
        },
      },
      "id": "dummyId",
      "internal": Object {
        "contentDigest": "2e1cc7b5ee98a1c8b830d28d284ab027",
        "type": "KenticoCloudItemStep",
      },
      "otherLanguages___NODE": Array [
        "dummyId",
      ],
      "parent": null,
      "system": Object {
        "codename": "custom_element_devkit___react_component",
        "id": "2aebd051-0e24-414c-b4ff-734b6c9ab40f",
        "language": "default",
        "lastModified": "2019-04-01T18:56:31.4761506Z",
        "name": "Custom element devkit + React component",
        "sitemapLocations": Array [],
        "type": "step",
      },
      "usedByContentItems___NODE": Array [
        "dummyId",
      ],
    },
  ],
  Array [
    Object {
      "children": Array [],
      "contentType___NODE": "dummyId",
      "elements": Object {
        "description": Object {
          "images": Array [],
          "linkedItemCodenames": Array [],
          "linked_items___NODE": Array [],
          "links": Array [],
          "name": "Description",
          "resolvedHtml": "<p>A gateway to the world of open-source at Kentico.</p>",
          "type": "rich_text",
          "value": "<p>A gateway to the world of open-source at Kentico.</p>",
        },
        "name": Object {
          "name": "Name",
          "text": "Developer Community site",
          "type": "text",
          "value": "Developer Community site",
        },
        "url": Object {
          "name": "URL",
          "text": "https://kentico.github.io/",
          "type": "text",
          "value": "https://kentico.github.io/",
        },
      },
      "id": "dummyId",
      "internal": Object {
        "contentDigest": "93ca6a658dc99f16d3f5e733b7161b53",
        "type": "KenticoCloudItemWebsite",
      },
      "otherLanguages___NODE": Array [
        "dummyId",
      ],
      "parent": null,
      "system": Object {
        "codename": "developer_community_site",
        "id": "59002186-1886-48f3-b8ba-6f053b5cf777",
        "language": "default",
        "lastModified": "2019-04-01T18:35:02.0138459Z",
        "name": "Developer Community Site",
        "sitemapLocations": Array [],
        "type": "website",
      },
      "usedByContentItems___NODE": Array [
        "dummyId",
      ],
    },
  ],
  Array [
    Object {
      "children": Array [],
      "contentType___NODE": "dummyId",
      "elements": Object {
        "text": Object {
          "images": Array [],
          "linkedItemCodenames": Array [],
          "linked_items___NODE": Array [],
          "links": Array [],
          "name": "Text",
          "resolvedHtml": "<p><a href=\\"http://kentico.github.io/\\">Developer Community Site</a></p>
<ul>
  <li>Main purpose - Overall guidepost for information
    <ul>
      <li>Describe URLs</li>
    </ul>
  </li>
</ul>",
          "type": "rich_text",
          "value": "<p><a href=\\"http://kentico.github.io/\\">Developer Community Site</a></p>
<ul>
  <li>Main purpose - Overall guidepost for information
    <ul>
      <li>Describe URLs</li>
    </ul>
  </li>
</ul>",
        },
      },
      "id": "dummyId",
      "internal": Object {
        "contentDigest": "2034e3f64c9e81f46b40f65aff151fe0",
        "type": "KenticoCloudItemStep",
      },
      "otherLanguages___NODE": Array [],
      "parent": null,
      "system": Object {
        "codename": "developer_community_site_9e1cda0",
        "id": "9e1cda06-c88b-4665-8907-38d2f7486873",
        "language": "default",
        "lastModified": "2019-04-01T18:53:37.4860924Z",
        "name": "Developer Community Site",
        "sitemapLocations": Array [],
        "type": "step",
      },
      "usedByContentItems___NODE": Array [
        "dummyId",
      ],
    },
  ],
  Array [
    Object {
      "children": Array [],
      "contentType___NODE": "dummyId",
      "elements": Object {
        "agenda___NODE": Array [
          "dummyId",
          "dummyId",
          "dummyId",
          "dummyId",
          "dummyId",
          "dummyId",
        ],
        "assets": Object {
          "assets": Array [
            Object {
              "description": null,
              "name": "KenticoGitHubOrganization.pptx",
              "size": 3202558,
              "type": "application/vnd.openxmlformats-officedocument.presentationml.presentation",
              "url": "https://assets-us-01.kc-usercontent.com:443/09fc0115-dd4d-00c7-5bd9-5f73836aee81/2395d81f-0577-4eb4-a642-ad3177c9f963/KenticoGitHubOrganization.pptx",
            },
          ],
          "name": "Assets",
          "type": "asset",
          "value": Array [
            Object {
              "description": null,
              "name": "KenticoGitHubOrganization.pptx",
              "size": 3202558,
              "type": "application/vnd.openxmlformats-officedocument.presentationml.presentation",
              "url": "https://assets-us-01.kc-usercontent.com:443/09fc0115-dd4d-00c7-5bd9-5f73836aee81/2395d81f-0577-4eb4-a642-ad3177c9f963/KenticoGitHubOrganization.pptx",
            },
          ],
        },
        "checklist": Object {
          "name": "Checklist",
          "options": Array [
            Object {
              "codename": "training_sessions_scheduled",
              "name": "Training sessions scheduled",
            },
            Object {
              "codename": "training_rooms_reserved",
              "name": "Training rooms reserved",
            },
            Object {
              "codename": "presentations_and_files_proofread",
              "name": "Presentations and files proofread",
            },
            Object {
              "codename": "introduction_and_supporting_files_uploaded",
              "name": "Introduction and supporting files uploaded",
            },
          ],
          "type": "multiple_choice",
          "value": Array [
            Object {
              "codename": "training_sessions_scheduled",
              "name": "Training sessions scheduled",
            },
            Object {
              "codename": "training_rooms_reserved",
              "name": "Training rooms reserved",
            },
            Object {
              "codename": "presentations_and_files_proofread",
              "name": "Presentations and files proofread",
            },
            Object {
              "codename": "introduction_and_supporting_files_uploaded",
              "name": "Introduction and supporting files uploaded",
            },
          ],
        },
        "excercise": Object {
          "images": Array [],
          "linkedItemCodenames": Array [],
          "linked_items___NODE": Array [],
          "links": Array [],
          "name": "Excercise",
          "resolvedHtml": "<p>Quiz!</p>",
          "type": "rich_text",
          "value": "<p>Quiz!</p>",
        },
        "name": Object {
          "name": "Name",
          "text": "Introduction to Github on Kentico examples",
          "type": "text",
          "value": "Introduction to Github on Kentico examples",
        },
        "presenter___NODE": Array [
          "dummyId",
        ],
        "summary": Object {
          "images": Array [],
          "linkedItemCodenames": Array [],
          "linked_items___NODE": Array [],
          "links": Array [],
          "name": "Summary",
          "resolvedHtml": "<p>Github structure and description of the features used by Kentico (+ just a note about Stack Overflow).</p>",
          "type": "rich_text",
          "value": "<p>Github structure and description of the features used by Kentico (+ just a note about Stack Overflow).</p>",
        },
      },
      "id": "dummyId",
      "internal": Object {
        "contentDigest": "177e4cc32ea208eedbb217aec4a570d9",
        "type": "KenticoCloudItemSession",
      },
      "otherLanguages___NODE": Array [],
      "parent": null,
      "system": Object {
        "codename": "introduction_to_github_on_kentico_examples",
        "id": "30d24de4-34aa-4b38-933d-3a7f744f8fd4",
        "language": "default",
        "lastModified": "2019-04-01T18:55:05.7218382Z",
        "name": "Introduction to Github on Kentico examples",
        "sitemapLocations": Array [],
        "type": "session",
      },
      "usedByContentItems___NODE": Array [
        "dummyId",
      ],
    },
  ],
  Array [
    Object {
      "children": Array [],
      "contentType___NODE": "dummyId",
      "elements": Object {
        "agenda___NODE": Array [
          "dummyId",
          "dummyId",
          "dummyId",
        ],
        "assets": Object {
          "assets": Array [
            Object {
              "description": null,
              "name": "KenticoGitHubOrganization.pptx",
              "size": 2479201,
              "type": "application/vnd.openxmlformats-officedocument.presentationml.presentation",
              "url": "https://assets-us-01.kc-usercontent.com:443/09fc0115-dd4d-00c7-5bd9-5f73836aee81/475acae0-579d-47af-9de1-229535f968df/KenticoGitHubOrganization.pptx",
            },
          ],
          "name": "Assets",
          "type": "asset",
          "value": Array [
            Object {
              "description": null,
              "name": "KenticoGitHubOrganization.pptx",
              "size": 2479201,
              "type": "application/vnd.openxmlformats-officedocument.presentationml.presentation",
              "url": "https://assets-us-01.kc-usercontent.com:443/09fc0115-dd4d-00c7-5bd9-5f73836aee81/475acae0-579d-47af-9de1-229535f968df/KenticoGitHubOrganization.pptx",
            },
          ],
        },
        "checklist": Object {
          "name": "Checklist",
          "options": Array [
            Object {
              "codename": "training_sessions_scheduled",
              "name": "Training sessions scheduled",
            },
            Object {
              "codename": "training_rooms_reserved",
              "name": "Training rooms reserved",
            },
            Object {
              "codename": "presentations_and_files_proofread",
              "name": "Presentations and files proofread",
            },
            Object {
              "codename": "introduction_and_supporting_files_uploaded",
              "name": "Introduction and supporting files uploaded",
            },
            Object {
              "codename": "training_session_tagged_in_confluence",
              "name": "Training session tagged in Confluence",
            },
          ],
          "type": "multiple_choice",
          "value": Array [
            Object {
              "codename": "training_sessions_scheduled",
              "name": "Training sessions scheduled",
            },
            Object {
              "codename": "training_rooms_reserved",
              "name": "Training rooms reserved",
            },
            Object {
              "codename": "presentations_and_files_proofread",
              "name": "Presentations and files proofread",
            },
            Object {
              "codename": "introduction_and_supporting_files_uploaded",
              "name": "Introduction and supporting files uploaded",
            },
            Object {
              "codename": "training_session_tagged_in_confluence",
              "name": "Training session tagged in Confluence",
            },
          ],
        },
        "excercise": Object {
          "images": Array [],
          "linkedItemCodenames": Array [
            "n2f6ef2f8_e924_01e2_f912_3770a189cbcc",
            "n4204fa2a_75be_0109_07db_47de3f6e645e",
          ],
          "linked_items___NODE": Array [
            "dummyId",
            "dummyId",
          ],
          "links": Array [],
          "name": "Excercise",
          "resolvedHtml": "<p type=\\"application/kenticocloud\\" data-type=\\"item\\" data-rel=\\"component\\" data-codename=\\"n2f6ef2f8_e924_01e2_f912_3770a189cbcc\\" class=\\"kc-linked-item-wrapper\\"></p>
<p type=\\"application/kenticocloud\\" data-type=\\"item\\" data-rel=\\"component\\" data-codename=\\"n4204fa2a_75be_0109_07db_47de3f6e645e\\" class=\\"kc-linked-item-wrapper\\"></p>
<p><br></p>",
          "type": "rich_text",
          "value": "<object type=\\"application/kenticocloud\\" data-type=\\"item\\" data-rel=\\"component\\" data-codename=\\"n2f6ef2f8_e924_01e2_f912_3770a189cbcc\\"></object>
<object type=\\"application/kenticocloud\\" data-type=\\"item\\" data-rel=\\"component\\" data-codename=\\"n4204fa2a_75be_0109_07db_47de3f6e645e\\"></object>
<p><br></p>",
        },
        "name": Object {
          "name": "Name",
          "text": "Introduction to the Custom elements development",
          "type": "text",
          "value": "Introduction to the Custom elements development",
        },
        "presenter___NODE": Array [
          "dummyId",
        ],
        "summary": Object {
          "images": Array [],
          "linkedItemCodenames": Array [],
          "linked_items___NODE": Array [],
          "links": Array [],
          "name": "Summary",
          "resolvedHtml": "<p>Present how it is possible to develop a custom element.</p>",
          "type": "rich_text",
          "value": "<p>Present how it is possible to develop a custom element.</p>",
        },
      },
      "id": "dummyId",
      "internal": Object {
        "contentDigest": "c7e77603544865a320a67d26a9874ecf",
        "type": "KenticoCloudItemSession",
      },
      "otherLanguages___NODE": Array [
        "dummyId",
      ],
      "parent": null,
      "system": Object {
        "codename": "introduction_to_the_custom_elements_development",
        "id": "9cc4f323-e59c-45af-a961-f0c98a5f1262",
        "language": "default",
        "lastModified": "2019-04-01T18:58:16.6082161Z",
        "name": "Introduction to the Custom elements development",
        "sitemapLocations": Array [],
        "type": "session",
      },
      "usedByContentItems___NODE": Array [
        "dummyId",
      ],
    },
  ],
  Array [
    Object {
      "children": Array [],
      "contentType___NODE": "dummyId",
      "elements": Object {
        "text": Object {
          "images": Array [],
          "linkedItemCodenames": Array [],
          "linked_items___NODE": Array [],
          "links": Array [],
          "name": "Text",
          "resolvedHtml": "<ul>
  <li>Implementing the&nbsp;<a href=\\"https://jqueryui.com/datepicker/\\">jQuery Datepicker</a>&nbsp;using&nbsp;<a href=\\"http://vanilla-js.com/\\">vanilla javascript</a>&nbsp;+ Htm + css.</li>
</ul>",
          "type": "rich_text",
          "value": "<ul>
  <li>Implementing the&nbsp;<a href=\\"https://jqueryui.com/datepicker/\\">jQuery Datepicker</a>&nbsp;using&nbsp;<a href=\\"http://vanilla-js.com/\\">vanilla javascript</a>&nbsp;+ Htm + css.</li>
</ul>",
        },
      },
      "id": "dummyId",
      "internal": Object {
        "contentDigest": "c5da9f1cab775b615c65348c73ecf261",
        "type": "KenticoCloudItemStep",
      },
      "otherLanguages___NODE": Array [
        "dummyId",
      ],
      "parent": null,
      "system": Object {
        "codename": "jquery_datapicker",
        "id": "3ace3379-c4cf-43bf-85de-98e707c4f202",
        "language": "default",
        "lastModified": "2019-04-01T18:56:11.2796384Z",
        "name": "jQuery Datapicker",
        "sitemapLocations": Array [],
        "type": "step",
      },
      "usedByContentItems___NODE": Array [
        "dummyId",
      ],
    },
  ],
  Array [
    Object {
      "children": Array [],
      "contentType___NODE": "dummyId",
      "elements": Object {
        "text": Object {
          "images": Array [],
          "linkedItemCodenames": Array [],
          "linked_items___NODE": Array [],
          "links": Array [],
          "name": "Text",
          "resolvedHtml": "<p>Kentico Github&nbsp;<a href=\\"https://help.github.com/en/articles/about-organizations\\">organizations</a></p>
<ul>
  <li>KenticoInternal - beneficial legacy billing plan (gold) paid by the number of private members (250 is the limit)</li>
  <li>Kentico - on the billing plan&nbsp;<a href=\\"https://help.github.com/en/articles/githubs-products#github-team-for-open-source\\">Github Team for opensource</a>&nbsp;with no mmebers limitation, just all repositories have to be OS</li>
</ul>",
          "type": "rich_text",
          "value": "<p>Kentico Github&nbsp;<a href=\\"https://help.github.com/en/articles/about-organizations\\">organizations</a></p>
<ul>
  <li>KenticoInternal - beneficial legacy billing plan (gold) paid by the number of private members (250 is the limit)</li>
  <li>Kentico - on the billing plan&nbsp;<a href=\\"https://help.github.com/en/articles/githubs-products#github-team-for-open-source\\">Github Team for opensource</a>&nbsp;with no mmebers limitation, just all repositories have to be OS</li>
</ul>",
        },
      },
      "id": "dummyId",
      "internal": Object {
        "contentDigest": "788b928b6e7adedeb796e7ed130d676f",
        "type": "KenticoCloudItemStep",
      },
      "otherLanguages___NODE": Array [],
      "parent": null,
      "system": Object {
        "codename": "kentico_github_organizations",
        "id": "cea256ba-063d-418d-8258-458b9ba9094d",
        "language": "default",
        "lastModified": "2019-04-01T18:49:49.3402097Z",
        "name": "Kentico Github organizations",
        "sitemapLocations": Array [],
        "type": "step",
      },
      "usedByContentItems___NODE": Array [
        "dummyId",
      ],
    },
  ],
  Array [
    Object {
      "children": Array [],
      "contentType___NODE": "dummyId",
      "elements": Object {
        "bio": Object {
          "images": Array [
            Object {
              "description": null,
              "imageId": "fcf07d43-46d4-46ef-a58d-c7bf7a4aecb1",
              "url": "https://assets-us-01.kc-usercontent.com:443/09fc0115-dd4d-00c7-5bd9-5f73836aee81/0faa87b4-9e1e-41b8-8b38-c107cbb35147/2.jpg",
            },
            Object {
              "description": null,
              "imageId": "8d1adb2e-ee09-4c94-8758-f23be1e4969a",
              "url": "https://assets-us-01.kc-usercontent.com:443/09fc0115-dd4d-00c7-5bd9-5f73836aee81/c6f94bd6-71ab-4499-98dd-d9ec39bc1a1f/1.jpg",
            },
            Object {
              "description": null,
              "imageId": "e268e8be-3d5e-4ba8-887c-49b357784d94",
              "url": "https://assets-us-01.kc-usercontent.com:443/09fc0115-dd4d-00c7-5bd9-5f73836aee81/78a90563-27b0-4f7c-9213-dc3b4cf840a0/3.jpg",
            },
          ],
          "linkedItemCodenames": Array [
            "developer_community_site",
            "n8bf1055d_7b61_0180_e1c6_3a09d88f0396",
          ],
          "linked_items___NODE": Array [
            "dummyId",
            "dummyId",
          ],
          "links": Array [
            Object {
              "codename": "developer_community_site",
              "linkId": "59002186-1886-48f3-b8ba-6f053b5cf777",
              "type": "website",
              "urlSlug": "",
            },
          ],
          "name": "Bio",
          "resolvedHtml": "<p>I am a &nbsp;tech guy passionate about all of the new technologies and gadgets.<br>
<br>
Currently I am interested in Gatsby.js. I have released the third version of Gatsby source plugin.<br>
</p>
<p type=\\"application/kenticocloud\\" data-type=\\"item\\" data-rel=\\"component\\" data-codename=\\"n8bf1055d_7b61_0180_e1c6_3a09d88f0396\\" class=\\"kc-linked-item-wrapper\\"></p>
<p><br></p>
<p>Interesting in exploring how storytelling and targeted messaging create business-changing content.</p>
<p>As an Developer Advocate, I am responsible for running <a href=\\"https://github.com/Kentico\\">Kentico Github organization</a>, implementing inbound marketing strategies like <a data-item-id=\\"59002186-1886-48f3-b8ba-6f053b5cf777\\" href=\\"\\">Developer Community site&nbsp;</a> that help increase brand awareness of Kentico as an opensource friendly company and acquire new developers.</p>
<p type=\\"application/kenticocloud\\" data-type=\\"item\\" data-rel=\\"link\\" data-codename=\\"developer_community_site\\" class=\\"kc-linked-item-wrapper\\"></p>
<p>When I am not working, you’ll find me doing some sports, <a data-asset-id=\\"8d1adb2e-ee09-4c94-8758-f23be1e4969a\\" href=\\"https://assets-us-01.kc-usercontent.com:443/09fc0115-dd4d-00c7-5bd9-5f73836aee81/c6f94bd6-71ab-4499-98dd-d9ec39bc1a1f/1.jpg\\">travelling</a>, or in a pub.<br>
</p>
<figure data-asset-id=\\"fcf07d43-46d4-46ef-a58d-c7bf7a4aecb1\\" data-image-id=\\"fcf07d43-46d4-46ef-a58d-c7bf7a4aecb1\\"><img src=\\"https://assets-us-01.kc-usercontent.com:443/09fc0115-dd4d-00c7-5bd9-5f73836aee81/0faa87b4-9e1e-41b8-8b38-c107cbb35147/2.jpg\\" data-asset-id=\\"fcf07d43-46d4-46ef-a58d-c7bf7a4aecb1\\" data-image-id=\\"fcf07d43-46d4-46ef-a58d-c7bf7a4aecb1\\" alt=\\"\\"></figure>
<figure data-asset-id=\\"8d1adb2e-ee09-4c94-8758-f23be1e4969a\\" data-image-id=\\"8d1adb2e-ee09-4c94-8758-f23be1e4969a\\"><img src=\\"https://assets-us-01.kc-usercontent.com:443/09fc0115-dd4d-00c7-5bd9-5f73836aee81/c6f94bd6-71ab-4499-98dd-d9ec39bc1a1f/1.jpg\\" data-asset-id=\\"8d1adb2e-ee09-4c94-8758-f23be1e4969a\\" data-image-id=\\"8d1adb2e-ee09-4c94-8758-f23be1e4969a\\" alt=\\"\\"></figure>
<figure data-asset-id=\\"e268e8be-3d5e-4ba8-887c-49b357784d94\\" data-image-id=\\"e268e8be-3d5e-4ba8-887c-49b357784d94\\"><img src=\\"https://assets-us-01.kc-usercontent.com:443/09fc0115-dd4d-00c7-5bd9-5f73836aee81/78a90563-27b0-4f7c-9213-dc3b4cf840a0/3.jpg\\" data-asset-id=\\"e268e8be-3d5e-4ba8-887c-49b357784d94\\" data-image-id=\\"e268e8be-3d5e-4ba8-887c-49b357784d94\\" alt=\\"\\"></figure>
<p><br></p>",
          "type": "rich_text",
          "value": "<p>I am a &nbsp;tech guy passionate about all of the new technologies and gadgets.<br>
<br>
Currently I am interested in Gatsby.js. I have released the third version of Gatsby source plugin.<br>
</p>
<object type=\\"application/kenticocloud\\" data-type=\\"item\\" data-rel=\\"component\\" data-codename=\\"n8bf1055d_7b61_0180_e1c6_3a09d88f0396\\"></object>
<p><br></p>
<p>Interesting in exploring how storytelling and targeted messaging create business-changing content.</p>
<p>As an Developer Advocate, I am responsible for running <a href=\\"https://github.com/Kentico\\">Kentico Github organization</a>, implementing inbound marketing strategies like <a data-item-id=\\"59002186-1886-48f3-b8ba-6f053b5cf777\\" href=\\"\\">Developer Community site&nbsp;</a> that help increase brand awareness of Kentico as an opensource friendly company and acquire new developers.</p>
<object type=\\"application/kenticocloud\\" data-type=\\"item\\" data-rel=\\"link\\" data-codename=\\"developer_community_site\\"></object>
<p>When I am not working, you’ll find me doing some sports, <a data-asset-id=\\"8d1adb2e-ee09-4c94-8758-f23be1e4969a\\" href=\\"https://assets-us-01.kc-usercontent.com:443/09fc0115-dd4d-00c7-5bd9-5f73836aee81/c6f94bd6-71ab-4499-98dd-d9ec39bc1a1f/1.jpg\\">travelling</a>, or in a pub.<br>
</p>
<figure data-asset-id=\\"fcf07d43-46d4-46ef-a58d-c7bf7a4aecb1\\" data-image-id=\\"fcf07d43-46d4-46ef-a58d-c7bf7a4aecb1\\"><img src=\\"https://assets-us-01.kc-usercontent.com:443/09fc0115-dd4d-00c7-5bd9-5f73836aee81/0faa87b4-9e1e-41b8-8b38-c107cbb35147/2.jpg\\" data-asset-id=\\"fcf07d43-46d4-46ef-a58d-c7bf7a4aecb1\\" data-image-id=\\"fcf07d43-46d4-46ef-a58d-c7bf7a4aecb1\\" alt=\\"\\"></figure>
<figure data-asset-id=\\"8d1adb2e-ee09-4c94-8758-f23be1e4969a\\" data-image-id=\\"8d1adb2e-ee09-4c94-8758-f23be1e4969a\\"><img src=\\"https://assets-us-01.kc-usercontent.com:443/09fc0115-dd4d-00c7-5bd9-5f73836aee81/c6f94bd6-71ab-4499-98dd-d9ec39bc1a1f/1.jpg\\" data-asset-id=\\"8d1adb2e-ee09-4c94-8758-f23be1e4969a\\" data-image-id=\\"8d1adb2e-ee09-4c94-8758-f23be1e4969a\\" alt=\\"\\"></figure>
<figure data-asset-id=\\"e268e8be-3d5e-4ba8-887c-49b357784d94\\" data-image-id=\\"e268e8be-3d5e-4ba8-887c-49b357784d94\\"><img src=\\"https://assets-us-01.kc-usercontent.com:443/09fc0115-dd4d-00c7-5bd9-5f73836aee81/78a90563-27b0-4f7c-9213-dc3b4cf840a0/3.jpg\\" data-asset-id=\\"e268e8be-3d5e-4ba8-887c-49b357784d94\\" data-image-id=\\"e268e8be-3d5e-4ba8-887c-49b357784d94\\" alt=\\"\\"></figure>
<p><br></p>",
        },
        "date_of_birth": Object {
          "datetime": "1991-07-24T00:00:00.000Z",
          "name": "Date of Birth",
          "type": "date_time",
          "value": "1991-07-24T00:00:00Z",
        },
        "favorite_number": Object {
          "name": "Favorite Number",
          "number": 3,
          "type": "number",
          "value": 3,
        },
        "gender": Object {
          "name": "Gender",
          "options": Array [
            Object {
              "codename": "man",
              "name": "Man",
            },
          ],
          "type": "multiple_choice",
          "value": Array [
            Object {
              "codename": "man",
              "name": "Man",
            },
          ],
        },
        "name_and_surname": Object {
          "name": "Name and Surname",
          "text": "Ondřej Chrastina",
          "type": "text",
          "value": "Ondřej Chrastina",
        },
        "profile_photo": Object {
          "assets": Array [
            Object {
              "description": null,
              "name": "profile.jpg",
              "size": 140283,
              "type": "image/jpeg",
              "url": "https://assets-us-01.kc-usercontent.com:443/09fc0115-dd4d-00c7-5bd9-5f73836aee81/e83534a8-cf6b-41fe-9b05-74599c21deb8/profile.jpg",
            },
          ],
          "name": "Profile Photo",
          "type": "asset",
          "value": Array [
            Object {
              "description": null,
              "height": 960,
              "name": "profile.jpg",
              "size": 140283,
              "type": "image/jpeg",
              "url": "https://assets-us-01.kc-usercontent.com:443/09fc0115-dd4d-00c7-5bd9-5f73836aee81/e83534a8-cf6b-41fe-9b05-74599c21deb8/profile.jpg",
              "width": 960,
            },
          ],
        },
        "url_slug": Object {
          "name": "URL slug",
          "type": "url_slug",
          "value": "ondrej-chrastina",
        },
      },
      "id": "dummyId",
      "internal": Object {
        "contentDigest": "3c3c682b8e287eaa228eb2b803bfb400",
        "type": "KenticoCloudItemPerson",
      },
      "otherLanguages___NODE": Array [
        "dummyId",
      ],
      "parent": null,
      "system": Object {
        "codename": "ondrej_chrastina",
        "id": "d72eea98-774f-48fc-b52a-7ebc51271855",
        "language": "default",
        "lastModified": "2019-04-29T14:40:06.4378232Z",
        "name": "Ondřej Chrastina",
        "sitemapLocations": Array [],
        "type": "person",
      },
      "usedByContentItems___NODE": Array [
        "dummyId",
      ],
    },
  ],
  Array [
    Object {
      "children": Array [],
      "contentType___NODE": "dummyId",
      "elements": Object {
        "author___NODE": Array [
          "dummyId",
        ],
        "description": Object {
          "images": Array [],
          "linkedItemCodenames": Array [],
          "linked_items___NODE": Array [],
          "links": Array [],
          "name": "Description",
          "resolvedHtml": "<p>The training should make the clear picture about the Kentico Cloud opensource activities.</p>",
          "type": "rich_text",
          "value": "<p>The training should make the clear picture about the Kentico Cloud opensource activities.</p>",
        },
        "name": Object {
          "name": "Name",
          "text": "Open-source training 2019",
          "type": "text",
          "value": "Open-source training 2019",
        },
        "sessions___NODE": Array [
          "dummyId",
          "dummyId",
        ],
      },
      "id": "dummyId",
      "internal": Object {
        "contentDigest": "81e0d20c99c500b385b6a0d65005d611",
        "type": "KenticoCloudItemTraining",
      },
      "otherLanguages___NODE": Array [
        "dummyId",
      ],
      "parent": null,
      "system": Object {
        "codename": "open_source_training_2019",
        "id": "aae6c1cf-1d20-4a0e-949b-65a5d1bb7c8f",
        "language": "default",
        "lastModified": "2019-04-01T18:55:13.8878004Z",
        "name": "Open-source training 2019",
        "sitemapLocations": Array [],
        "type": "training",
      },
      "usedByContentItems___NODE": Array [],
    },
  ],
  Array [
    Object {
      "children": Array [],
      "contentType___NODE": "dummyId",
      "elements": Object {
        "text": Object {
          "images": Array [],
          "linkedItemCodenames": Array [],
          "linked_items___NODE": Array [],
          "links": Array [],
          "name": "Text",
          "resolvedHtml": "<p><a href=\\"https://github.com/orgs/Kentico/projects\\">Projects</a></p>
<ul>
  <li>Purpose - organize issue cross repositories in specified stack
    <ul>
      <li>Emphasize&nbsp;<a href=\\"https://github.com/orgs/Kentico/projects/8\\">Content backlog</a></li>
    </ul>
  </li>
</ul>",
          "type": "rich_text",
          "value": "<p><a href=\\"https://github.com/orgs/Kentico/projects\\">Projects</a></p>
<ul>
  <li>Purpose - organize issue cross repositories in specified stack
    <ul>
      <li>Emphasize&nbsp;<a href=\\"https://github.com/orgs/Kentico/projects/8\\">Content backlog</a></li>
    </ul>
  </li>
</ul>",
        },
      },
      "id": "dummyId",
      "internal": Object {
        "contentDigest": "954246b212008cd87daa746c107897dd",
        "type": "KenticoCloudItemStep",
      },
      "otherLanguages___NODE": Array [],
      "parent": null,
      "system": Object {
        "codename": "projects",
        "id": "00b305ad-2f05-4899-9c14-17ea62d0032f",
        "language": "default",
        "lastModified": "2019-04-01T18:52:39.348748Z",
        "name": "Projects",
        "sitemapLocations": Array [],
        "type": "step",
      },
      "usedByContentItems___NODE": Array [
        "dummyId",
      ],
    },
  ],
  Array [
    Object {
      "children": Array [],
      "contentType___NODE": "dummyId",
      "elements": Object {
        "text": Object {
          "images": Array [],
          "linkedItemCodenames": Array [],
          "linked_items___NODE": Array [],
          "links": Array [],
          "name": "Text",
          "resolvedHtml": "<p><a href=\\"https://github.com/Kentico\\">Repositories</a></p>
<ul>
  <li>Groups&nbsp;
    <ul>
      <li>SDKs</li>
      <li>Sample apps</li>
      <li>Plugins/Extensions</li>
      <li>Documentation repos</li>
    </ul>
  </li>
  <li>Went through the repositories and make some short introduction for it (go through the description)</li>
  <li>Naming conventions for repository name</li>
  <li>Kentico Home repository (special one)
    <ul>
      <li>Go through the wiki articles:&nbsp;<a href=\\"https://github.com/Kentico/Home/wiki\\">https://github.com/Kentico/Home/wiki</a></li>
      <li>Describe&nbsp;<a href=\\"https://github.com/Kentico/Home/blob/master/CODE_OF_CONDUCT.md\\">Code of conduct</a>&nbsp;and&nbsp;<a href=\\"https://github.com/Kentico/Home/blob/master/CONTRIBUTING.md\\">Contributing</a></li>
    </ul>
  </li>
</ul>",
          "type": "rich_text",
          "value": "<p><a href=\\"https://github.com/Kentico\\">Repositories</a></p>
<ul>
  <li>Groups&nbsp;
    <ul>
      <li>SDKs</li>
      <li>Sample apps</li>
      <li>Plugins/Extensions</li>
      <li>Documentation repos</li>
    </ul>
  </li>
  <li>Went through the repositories and make some short introduction for it (go through the description)</li>
  <li>Naming conventions for repository name</li>
  <li>Kentico Home repository (special one)
    <ul>
      <li>Go through the wiki articles:&nbsp;<a href=\\"https://github.com/Kentico/Home/wiki\\">https://github.com/Kentico/Home/wiki</a></li>
      <li>Describe&nbsp;<a href=\\"https://github.com/Kentico/Home/blob/master/CODE_OF_CONDUCT.md\\">Code of conduct</a>&nbsp;and&nbsp;<a href=\\"https://github.com/Kentico/Home/blob/master/CONTRIBUTING.md\\">Contributing</a></li>
    </ul>
  </li>
</ul>",
        },
      },
      "id": "dummyId",
      "internal": Object {
        "contentDigest": "959ea20ad5d1f6da6a8ed6193e87de65",
        "type": "KenticoCloudItemStep",
      },
      "otherLanguages___NODE": Array [],
      "parent": null,
      "system": Object {
        "codename": "repositories",
        "id": "ea15d7bc-7d8f-4ded-9795-0e615b31316e",
        "language": "default",
        "lastModified": "2019-04-01T18:52:12.4177018Z",
        "name": "Repositories",
        "sitemapLocations": Array [],
        "type": "step",
      },
      "usedByContentItems___NODE": Array [
        "dummyId",
      ],
    },
  ],
  Array [
    Object {
      "children": Array [],
      "contentType___NODE": "dummyId",
      "elements": Object {
        "text": Object {
          "images": Array [],
          "linkedItemCodenames": Array [],
          "linked_items___NODE": Array [],
          "links": Array [],
          "name": "Text",
          "resolvedHtml": "<p><a href=\\"https://stackoverflow.com/tags/kentico-cloud\\">Stack overflow</a></p>
<ul>
  <li>Purpose - ask anything, better for complex questions than submitting question issue, which should be focused on the repository only</li>
</ul>",
          "type": "rich_text",
          "value": "<p><a href=\\"https://stackoverflow.com/tags/kentico-cloud\\">Stack overflow</a></p>
<ul>
  <li>Purpose - ask anything, better for complex questions than submitting question issue, which should be focused on the repository only</li>
</ul>",
        },
      },
      "id": "dummyId",
      "internal": Object {
        "contentDigest": "439399754dd3f31dfd2d0c112881a5a0",
        "type": "KenticoCloudItemStep",
      },
      "otherLanguages___NODE": Array [],
      "parent": null,
      "system": Object {
        "codename": "stack_overflow",
        "id": "a89518c5-82b9-457e-8cbd-a8719f8a3bdb",
        "language": "default",
        "lastModified": "2019-04-01T18:53:50.3351338Z",
        "name": "Stack overflow",
        "sitemapLocations": Array [],
        "type": "step",
      },
      "usedByContentItems___NODE": Array [
        "dummyId",
      ],
    },
  ],
  Array [
    Object {
      "children": Array [],
      "contentType___NODE": "dummyId",
      "elements": Object {
        "text": Object {
          "images": Array [],
          "linkedItemCodenames": Array [],
          "linked_items___NODE": Array [],
          "links": Array [],
          "name": "Text",
          "resolvedHtml": "<ul>
  <li>Teams are for organizing people to groups, they are used for permissions setup, interest grouping etc...
    <ul>
      <li>Description of the teams are described&nbsp;<a href=\\"https://github.com/Kentico/Home/wiki/Guidelines-for-GitHub-permissions-in-the-Kentico-organization\\">publicly</a></li>
    </ul>
  </li>
  <li><a href=\\"https://github.com/orgs/Kentico/people\\">People</a>
    <ul>
      <li>Github user has to be invited by the organization admin</li>
      <li>No out of the box way to request invitation right now</li>
    </ul>
  </li>
</ul>",
          "type": "rich_text",
          "value": "<ul>
  <li>Teams are for organizing people to groups, they are used for permissions setup, interest grouping etc...
    <ul>
      <li>Description of the teams are described&nbsp;<a href=\\"https://github.com/Kentico/Home/wiki/Guidelines-for-GitHub-permissions-in-the-Kentico-organization\\">publicly</a></li>
    </ul>
  </li>
  <li><a href=\\"https://github.com/orgs/Kentico/people\\">People</a>
    <ul>
      <li>Github user has to be invited by the organization admin</li>
      <li>No out of the box way to request invitation right now</li>
    </ul>
  </li>
</ul>",
        },
      },
      "id": "dummyId",
      "internal": Object {
        "contentDigest": "98cde950416e9709e84adea77c284727",
        "type": "KenticoCloudItemStep",
      },
      "otherLanguages___NODE": Array [],
      "parent": null,
      "system": Object {
        "codename": "teams_and_people",
        "id": "4a0ed14b-fe95-41f7-938f-000b9a400539",
        "language": "default",
        "lastModified": "2019-04-01T18:51:04.1737989Z",
        "name": "Teams and people",
        "sitemapLocations": Array [],
        "type": "step",
      },
      "usedByContentItems___NODE": Array [
        "dummyId",
      ],
    },
  ],
  Array [
    Object {
      "children": Array [],
      "contentType___NODE": "dummyId",
      "elements": Object {
        "description": Object {
          "name": "Description",
          "type": "custom",
          "value": "# Gatsby source plugin for Kentico Cloud
[![Gatsby plugin library](https://img.shields.io/badge/Gatsby%20plugin%20library-%23663399.svg)](https://www.gatsbyjs.org/packages/gatsby-source-kentico-cloud)
[![Stack Overflow](https://img.shields.io/badge/Stack%20Overflow-ASK%20NOW-FE7A16.svg?logo=stackoverflow&logoColor=white)](https://stackoverflow.com/tags/kentico-cloud)

This repo contains a [Gatsby (v2) source plugin](https://www.gatsbyjs.org/docs/recipes/#sourcing-data) that retrieves data from the [Kentico Cloud](https://kenticocloud.com) Delivery API.

## Features

The plugin creates GraphQL nodes for all Kentico Cloud content types, content items, and its language variants.

The node names are prefixed with \`kenticoCloud\`. More specifically, content type nodes are prefixed by \`kenticoCloudType\` and content items and their language variants are prefixed with \`kenticoCloudItem\`.

GraphQL nodes of content items contain the ordinary \`system\` and \`elements\` properties. However, the properties inside \`elements\` always have an internal structure that the aforementioned [Delivery SDK](https://github.com/Kentico/kentico-cloud-js/blob/master/packages/delivery/lib/models/item/content-item.class.ts) produces with **modifications** described in following section.",
        },
        "name": Object {
          "name": "Name",
          "text": "Gatsby source plugin for Kentico Cloud",
          "type": "text",
          "value": "Gatsby source plugin for Kentico Cloud",
        },
        "url": Object {
          "name": "URL",
          "text": "https://github.com/Kentico/gatsby-source-kentico-cloud",
          "type": "text",
          "value": "https://github.com/Kentico/gatsby-source-kentico-cloud",
        },
      },
      "id": "dummyId",
      "internal": Object {
        "contentDigest": "397334f95b95bb0fa4b61a0fbf2927fc",
        "type": "KenticoCloudItemRepository",
      },
      "otherLanguages___NODE": Array [],
      "parent": null,
      "system": Object {
        "codename": "n8bf1055d_7b61_0180_e1c6_3a09d88f0396",
        "id": "8bf1055d-7b61-0180-e1c6-3a09d88f0396",
        "language": "default",
        "lastModified": "2019-04-29T14:40:06.4378232Z",
        "name": "8bf1055d-7b61-0180-e1c6-3a09d88f0396",
        "sitemapLocations": Array [],
        "type": "repository",
      },
      "usedByContentItems___NODE": Array [
        "dummyId",
      ],
    },
  ],
  Array [
    Object {
      "children": Array [],
      "contentType___NODE": "dummyId",
      "elements": Object {
        "text": Object {
          "images": Array [],
          "linkedItemCodenames": Array [],
          "linked_items___NODE": Array [],
          "links": Array [],
          "name": "Text",
          "resolvedHtml": "<p>Choose an example I have showed you and extend it</p>
<ul>
  <li>Add configuration</li>
  <li>Add some styling</li>
  <li>Preconfigure component</li>
</ul>",
          "type": "rich_text",
          "value": "<p>Choose an example I have showed you and extend it</p>
<ul>
  <li>Add configuration</li>
  <li>Add some styling</li>
  <li>Preconfigure component</li>
</ul>",
        },
      },
      "id": "dummyId",
      "internal": Object {
        "contentDigest": "9d75867c1b851f3a34cf31e0b0b06e39",
        "type": "KenticoCloudItemStep",
      },
      "otherLanguages___NODE": Array [],
      "parent": null,
      "system": Object {
        "codename": "n2f6ef2f8_e924_01e2_f912_3770a189cbcc",
        "id": "2f6ef2f8-e924-01e2-f912-3770a189cbcc",
        "language": "default",
        "lastModified": "2019-04-01T18:58:16.6082161Z",
        "name": "2f6ef2f8-e924-01e2-f912-3770a189cbcc",
        "sitemapLocations": Array [],
        "type": "step",
      },
      "usedByContentItems___NODE": Array [
        "dummyId",
      ],
    },
  ],
  Array [
    Object {
      "children": Array [],
      "contentType___NODE": "dummyId",
      "elements": Object {
        "text": Object {
          "images": Array [],
          "linkedItemCodenames": Array [],
          "linked_items___NODE": Array [],
          "links": Array [],
          "name": "Text",
          "resolvedHtml": "<ul>
  <li>Implement your own custom element</li>
</ul>",
          "type": "rich_text",
          "value": "<ul>
  <li>Implement your own custom element</li>
</ul>",
        },
      },
      "id": "dummyId",
      "internal": Object {
        "contentDigest": "1de54507256171b5cb3a3eaf6c33365c",
        "type": "KenticoCloudItemStep",
      },
      "otherLanguages___NODE": Array [],
      "parent": null,
      "system": Object {
        "codename": "n4204fa2a_75be_0109_07db_47de3f6e645e",
        "id": "4204fa2a-75be-0109-07db-47de3f6e645e",
        "language": "default",
        "lastModified": "2019-04-01T18:58:16.6082161Z",
        "name": "4204fa2a-75be-0109-07db-47de3f6e645e",
        "sitemapLocations": Array [],
        "type": "step",
      },
      "usedByContentItems___NODE": Array [
        "dummyId",
      ],
    },
  ],
  Array [
    Object {
      "children": Array [],
      "contentType___NODE": "dummyId",
      "elements": Object {
        "text": Object {
          "images": Array [],
          "linkedItemCodenames": Array [],
          "linked_items___NODE": Array [],
          "links": Array [],
          "name": "Text",
          "resolvedHtml": "<ul>
  <li>Theoretical&nbsp;<a href=\\"https://developer.kenticocloud.com/docs/integrating-content-editing-features\\">concept of custom elements</a>&nbsp;and&nbsp;<a href=\\"https://developer.kenticocloud.com/v1/reference#custom-elements-api\\">API reference</a>&nbsp;walkthrough. (other language)</li>
</ul>",
          "type": "rich_text",
          "value": "<ul>
  <li>Theoretical&nbsp;<a href=\\"https://developer.kenticocloud.com/docs/integrating-content-editing-features\\">concept of custom elements</a>&nbsp;and&nbsp;<a href=\\"https://developer.kenticocloud.com/v1/reference#custom-elements-api\\">API reference</a>&nbsp;walkthrough. (other language)</li>
</ul>",
        },
      },
      "id": "dummyId",
      "internal": Object {
        "contentDigest": "bb44aebea45b0f558fea9232fbee456c",
        "type": "KenticoCloudItemStep",
      },
      "otherLanguages___NODE": Array [],
      "parent": null,
      "system": Object {
        "codename": "concept",
        "id": "b5624158-93f1-44f9-971e-aac85610ab10",
        "language": "Another_language",
        "lastModified": "2019-04-29T14:45:22.1150343Z",
        "name": "Concept",
        "sitemapLocations": Array [],
        "type": "step",
      },
      "usedByContentItems___NODE": Array [
        "dummyId",
      ],
    },
  ],
  Array [
    Object {
      "children": Array [],
      "contentType___NODE": "dummyId",
      "elements": Object {
        "text": Object {
          "images": Array [],
          "linkedItemCodenames": Array [],
          "linked_items___NODE": Array [],
          "links": Array [],
          "name": "Text",
          "resolvedHtml": "<ul>
  <li>(other language)</li>
</ul>",
          "type": "rich_text",
          "value": "<ul>
  <li>(other language)</li>
</ul>",
        },
      },
      "id": "dummyId",
      "internal": Object {
        "contentDigest": "c44508f6054ab0afc36672f7551b6c87",
        "type": "KenticoCloudItemStep",
      },
      "otherLanguages___NODE": Array [],
      "parent": null,
      "system": Object {
        "codename": "custom_element_devkit___react_component",
        "id": "2aebd051-0e24-414c-b4ff-734b6c9ab40f",
        "language": "Another_language",
        "lastModified": "2019-04-29T14:45:53.4392891Z",
        "name": "Custom element devkit + React component",
        "sitemapLocations": Array [],
        "type": "step",
      },
      "usedByContentItems___NODE": Array [
        "dummyId",
      ],
    },
  ],
  Array [
    Object {
      "children": Array [],
      "contentType___NODE": "dummyId",
      "elements": Object {
        "description": Object {
          "images": Array [],
          "linkedItemCodenames": Array [],
          "linked_items___NODE": Array [],
          "links": Array [],
          "name": "Description",
          "resolvedHtml": "<p>Other language: A gateway to the world of open-source at Kentico.</p>",
          "type": "rich_text",
          "value": "<p>Other language: A gateway to the world of open-source at Kentico.</p>",
        },
        "name": Object {
          "name": "Name",
          "text": "Developer Community site",
          "type": "text",
          "value": "Developer Community site",
        },
        "url": Object {
          "name": "URL",
          "text": "https://kentico.github.io/",
          "type": "text",
          "value": "https://kentico.github.io/",
        },
      },
      "id": "dummyId",
      "internal": Object {
        "contentDigest": "899f3a11e75c5b7605a76f8860bfc140",
        "type": "KenticoCloudItemWebsite",
      },
      "otherLanguages___NODE": Array [],
      "parent": null,
      "system": Object {
        "codename": "developer_community_site",
        "id": "59002186-1886-48f3-b8ba-6f053b5cf777",
        "language": "Another_language",
        "lastModified": "2019-04-29T14:44:04.4377286Z",
        "name": "Developer Community Site",
        "sitemapLocations": Array [],
        "type": "website",
      },
      "usedByContentItems___NODE": Array [
        "dummyId",
      ],
    },
  ],
  Array [
    Object {
      "children": Array [],
      "contentType___NODE": "dummyId",
      "elements": Object {
        "text": Object {
          "images": Array [],
          "linkedItemCodenames": Array [],
          "linked_items___NODE": Array [],
          "links": Array [],
          "name": "Text",
          "resolvedHtml": "<p><a href=\\"http://kentico.github.io/\\">Developer Community Site</a></p>
<ul>
  <li>Main purpose - Overall guidepost for information
    <ul>
      <li>Describe URLs</li>
    </ul>
  </li>
</ul>",
          "type": "rich_text",
          "value": "<p><a href=\\"http://kentico.github.io/\\">Developer Community Site</a></p>
<ul>
  <li>Main purpose - Overall guidepost for information
    <ul>
      <li>Describe URLs</li>
    </ul>
  </li>
</ul>",
        },
      },
      "id": "dummyId",
      "internal": Object {
        "contentDigest": "2034e3f64c9e81f46b40f65aff151fe0",
        "type": "KenticoCloudItemStep",
      },
      "otherLanguages___NODE": Array [],
      "parent": null,
      "system": Object {
        "codename": "developer_community_site_9e1cda0",
        "id": "9e1cda06-c88b-4665-8907-38d2f7486873",
        "language": "default",
        "lastModified": "2019-04-01T18:53:37.4860924Z",
        "name": "Developer Community Site",
        "sitemapLocations": Array [],
        "type": "step",
      },
      "usedByContentItems___NODE": Array [
        "dummyId",
      ],
    },
  ],
  Array [
    Object {
      "children": Array [],
      "contentType___NODE": "dummyId",
      "elements": Object {
        "agenda___NODE": Array [
          "dummyId",
          "dummyId",
          "dummyId",
          "dummyId",
          "dummyId",
          "dummyId",
        ],
        "assets": Object {
          "assets": Array [
            Object {
              "description": null,
              "name": "KenticoGitHubOrganization.pptx",
              "size": 3202558,
              "type": "application/vnd.openxmlformats-officedocument.presentationml.presentation",
              "url": "https://assets-us-01.kc-usercontent.com:443/09fc0115-dd4d-00c7-5bd9-5f73836aee81/2395d81f-0577-4eb4-a642-ad3177c9f963/KenticoGitHubOrganization.pptx",
            },
          ],
          "name": "Assets",
          "type": "asset",
          "value": Array [
            Object {
              "description": null,
              "name": "KenticoGitHubOrganization.pptx",
              "size": 3202558,
              "type": "application/vnd.openxmlformats-officedocument.presentationml.presentation",
              "url": "https://assets-us-01.kc-usercontent.com:443/09fc0115-dd4d-00c7-5bd9-5f73836aee81/2395d81f-0577-4eb4-a642-ad3177c9f963/KenticoGitHubOrganization.pptx",
            },
          ],
        },
        "checklist": Object {
          "name": "Checklist",
          "options": Array [
            Object {
              "codename": "training_sessions_scheduled",
              "name": "Training sessions scheduled",
            },
            Object {
              "codename": "training_rooms_reserved",
              "name": "Training rooms reserved",
            },
            Object {
              "codename": "presentations_and_files_proofread",
              "name": "Presentations and files proofread",
            },
            Object {
              "codename": "introduction_and_supporting_files_uploaded",
              "name": "Introduction and supporting files uploaded",
            },
          ],
          "type": "multiple_choice",
          "value": Array [
            Object {
              "codename": "training_sessions_scheduled",
              "name": "Training sessions scheduled",
            },
            Object {
              "codename": "training_rooms_reserved",
              "name": "Training rooms reserved",
            },
            Object {
              "codename": "presentations_and_files_proofread",
              "name": "Presentations and files proofread",
            },
            Object {
              "codename": "introduction_and_supporting_files_uploaded",
              "name": "Introduction and supporting files uploaded",
            },
          ],
        },
        "excercise": Object {
          "images": Array [],
          "linkedItemCodenames": Array [],
          "linked_items___NODE": Array [],
          "links": Array [],
          "name": "Excercise",
          "resolvedHtml": "<p>Quiz!</p>",
          "type": "rich_text",
          "value": "<p>Quiz!</p>",
        },
        "name": Object {
          "name": "Name",
          "text": "Introduction to Github on Kentico examples",
          "type": "text",
          "value": "Introduction to Github on Kentico examples",
        },
        "presenter___NODE": Array [
          "dummyId",
        ],
        "summary": Object {
          "images": Array [],
          "linkedItemCodenames": Array [],
          "linked_items___NODE": Array [],
          "links": Array [],
          "name": "Summary",
          "resolvedHtml": "<p>Github structure and description of the features used by Kentico (+ just a note about Stack Overflow).</p>",
          "type": "rich_text",
          "value": "<p>Github structure and description of the features used by Kentico (+ just a note about Stack Overflow).</p>",
        },
      },
      "id": "dummyId",
      "internal": Object {
        "contentDigest": "08c719efd0cf72f52109e656483881cc",
        "type": "KenticoCloudItemSession",
      },
      "otherLanguages___NODE": Array [],
      "parent": null,
      "system": Object {
        "codename": "introduction_to_github_on_kentico_examples",
        "id": "30d24de4-34aa-4b38-933d-3a7f744f8fd4",
        "language": "default",
        "lastModified": "2019-04-01T18:55:05.7218382Z",
        "name": "Introduction to Github on Kentico examples",
        "sitemapLocations": Array [],
        "type": "session",
      },
      "usedByContentItems___NODE": Array [],
    },
  ],
  Array [
    Object {
      "children": Array [],
      "contentType___NODE": "dummyId",
      "elements": Object {
        "agenda___NODE": Array [
          "dummyId",
          "dummyId",
          "dummyId",
        ],
        "assets": Object {
          "assets": Array [
            Object {
              "description": null,
              "name": "KenticoGitHubOrganization.pptx",
              "size": 2479201,
              "type": "application/vnd.openxmlformats-officedocument.presentationml.presentation",
              "url": "https://assets-us-01.kc-usercontent.com:443/09fc0115-dd4d-00c7-5bd9-5f73836aee81/475acae0-579d-47af-9de1-229535f968df/KenticoGitHubOrganization.pptx",
            },
          ],
          "name": "Assets",
          "type": "asset",
          "value": Array [
            Object {
              "description": null,
              "name": "KenticoGitHubOrganization.pptx",
              "size": 2479201,
              "type": "application/vnd.openxmlformats-officedocument.presentationml.presentation",
              "url": "https://assets-us-01.kc-usercontent.com:443/09fc0115-dd4d-00c7-5bd9-5f73836aee81/475acae0-579d-47af-9de1-229535f968df/KenticoGitHubOrganization.pptx",
            },
          ],
        },
        "checklist": Object {
          "name": "Checklist",
          "options": Array [
            Object {
              "codename": "presentations_and_files_proofread",
              "name": "Presentations and files proofread",
            },
            Object {
              "codename": "introduction_and_supporting_files_uploaded",
              "name": "Introduction and supporting files uploaded",
            },
            Object {
              "codename": "start_code_files_and_final_code_files_uploaded",
              "name": "START code files and FINAL code files uploaded",
            },
            Object {
              "codename": "training_session_tagged_in_confluence",
              "name": "Training session tagged in Confluence",
            },
          ],
          "type": "multiple_choice",
          "value": Array [
            Object {
              "codename": "presentations_and_files_proofread",
              "name": "Presentations and files proofread",
            },
            Object {
              "codename": "introduction_and_supporting_files_uploaded",
              "name": "Introduction and supporting files uploaded",
            },
            Object {
              "codename": "start_code_files_and_final_code_files_uploaded",
              "name": "START code files and FINAL code files uploaded",
            },
            Object {
              "codename": "training_session_tagged_in_confluence",
              "name": "Training session tagged in Confluence",
            },
          ],
        },
        "excercise": Object {
          "images": Array [],
          "linkedItemCodenames": Array [
            "f37dfa2e_0aa6_01ef_6f1e_f374c7fe3356",
            "n32ee0075_0b25_0105_503d_b8fc0eb3cc6e",
          ],
          "linked_items___NODE": Array [
            "dummyId",
            "dummyId",
          ],
          "links": Array [],
          "name": "Excercise",
          "resolvedHtml": "<p type=\\"application/kenticocloud\\" data-type=\\"item\\" data-rel=\\"component\\" data-codename=\\"f37dfa2e_0aa6_01ef_6f1e_f374c7fe3356\\" class=\\"kc-linked-item-wrapper\\"></p>
<p type=\\"application/kenticocloud\\" data-type=\\"item\\" data-rel=\\"component\\" data-codename=\\"n32ee0075_0b25_0105_503d_b8fc0eb3cc6e\\" class=\\"kc-linked-item-wrapper\\"></p>
<p><br></p>",
          "type": "rich_text",
          "value": "<object type=\\"application/kenticocloud\\" data-type=\\"item\\" data-rel=\\"component\\" data-codename=\\"f37dfa2e_0aa6_01ef_6f1e_f374c7fe3356\\"></object>
<object type=\\"application/kenticocloud\\" data-type=\\"item\\" data-rel=\\"component\\" data-codename=\\"n32ee0075_0b25_0105_503d_b8fc0eb3cc6e\\"></object>
<p><br></p>",
        },
        "name": Object {
          "name": "Name",
          "text": "Introduction to the Custom elements development",
          "type": "text",
          "value": "Introduction to the Custom elements development",
        },
        "presenter___NODE": Array [
          "dummyId",
        ],
        "summary": Object {
          "images": Array [],
          "linkedItemCodenames": Array [],
          "linked_items___NODE": Array [],
          "links": Array [],
          "name": "Summary",
          "resolvedHtml": "<p>Present how it is possible to develop a custom element.</p>",
          "type": "rich_text",
          "value": "<p>Present how it is possible to develop a custom element.</p>",
        },
      },
      "id": "dummyId",
      "internal": Object {
        "contentDigest": "d2294bd93a223f082d16c3aaaa607eec",
        "type": "KenticoCloudItemSession",
      },
      "otherLanguages___NODE": Array [],
      "parent": null,
      "system": Object {
        "codename": "introduction_to_the_custom_elements_development",
        "id": "9cc4f323-e59c-45af-a961-f0c98a5f1262",
        "language": "Another_language",
        "lastModified": "2019-04-29T14:46:40.6273686Z",
        "name": "Introduction to the Custom elements development",
        "sitemapLocations": Array [],
        "type": "session",
      },
      "usedByContentItems___NODE": Array [
        "dummyId",
      ],
    },
  ],
  Array [
    Object {
      "children": Array [],
      "contentType___NODE": "dummyId",
      "elements": Object {
        "text": Object {
          "images": Array [],
          "linkedItemCodenames": Array [],
          "linked_items___NODE": Array [],
          "links": Array [],
          "name": "Text",
          "resolvedHtml": "<ul>
  <li>Implementing the&nbsp;<a href=\\"https://jqueryui.com/datepicker/\\">jQuery Datepicker</a>&nbsp;using&nbsp;<a href=\\"http://vanilla-js.com/\\">vanilla javascript</a>&nbsp;+ Htm + css. (other language)</li>
</ul>",
          "type": "rich_text",
          "value": "<ul>
  <li>Implementing the&nbsp;<a href=\\"https://jqueryui.com/datepicker/\\">jQuery Datepicker</a>&nbsp;using&nbsp;<a href=\\"http://vanilla-js.com/\\">vanilla javascript</a>&nbsp;+ Htm + css. (other language)</li>
</ul>",
        },
      },
      "id": "dummyId",
      "internal": Object {
        "contentDigest": "3874662be9c84b929d16e59ab039faac",
        "type": "KenticoCloudItemStep",
      },
      "otherLanguages___NODE": Array [],
      "parent": null,
      "system": Object {
        "codename": "jquery_datapicker",
        "id": "3ace3379-c4cf-43bf-85de-98e707c4f202",
        "language": "Another_language",
        "lastModified": "2019-04-29T14:45:45.102267Z",
        "name": "jQuery Datapicker",
        "sitemapLocations": Array [],
        "type": "step",
      },
      "usedByContentItems___NODE": Array [
        "dummyId",
      ],
    },
  ],
  Array [
    Object {
      "children": Array [],
      "contentType___NODE": "dummyId",
      "elements": Object {
        "text": Object {
          "images": Array [],
          "linkedItemCodenames": Array [],
          "linked_items___NODE": Array [],
          "links": Array [],
          "name": "Text",
          "resolvedHtml": "<p>Kentico Github&nbsp;<a href=\\"https://help.github.com/en/articles/about-organizations\\">organizations</a></p>
<ul>
  <li>KenticoInternal - beneficial legacy billing plan (gold) paid by the number of private members (250 is the limit)</li>
  <li>Kentico - on the billing plan&nbsp;<a href=\\"https://help.github.com/en/articles/githubs-products#github-team-for-open-source\\">Github Team for opensource</a>&nbsp;with no mmebers limitation, just all repositories have to be OS</li>
</ul>",
          "type": "rich_text",
          "value": "<p>Kentico Github&nbsp;<a href=\\"https://help.github.com/en/articles/about-organizations\\">organizations</a></p>
<ul>
  <li>KenticoInternal - beneficial legacy billing plan (gold) paid by the number of private members (250 is the limit)</li>
  <li>Kentico - on the billing plan&nbsp;<a href=\\"https://help.github.com/en/articles/githubs-products#github-team-for-open-source\\">Github Team for opensource</a>&nbsp;with no mmebers limitation, just all repositories have to be OS</li>
</ul>",
        },
      },
      "id": "dummyId",
      "internal": Object {
        "contentDigest": "788b928b6e7adedeb796e7ed130d676f",
        "type": "KenticoCloudItemStep",
      },
      "otherLanguages___NODE": Array [],
      "parent": null,
      "system": Object {
        "codename": "kentico_github_organizations",
        "id": "cea256ba-063d-418d-8258-458b9ba9094d",
        "language": "default",
        "lastModified": "2019-04-01T18:49:49.3402097Z",
        "name": "Kentico Github organizations",
        "sitemapLocations": Array [],
        "type": "step",
      },
      "usedByContentItems___NODE": Array [
        "dummyId",
      ],
    },
  ],
  Array [
    Object {
      "children": Array [],
      "contentType___NODE": "dummyId",
      "elements": Object {
        "bio": Object {
          "images": Array [
            Object {
              "description": null,
              "imageId": "fcf07d43-46d4-46ef-a58d-c7bf7a4aecb1",
              "url": "https://assets-us-01.kc-usercontent.com:443/09fc0115-dd4d-00c7-5bd9-5f73836aee81/0faa87b4-9e1e-41b8-8b38-c107cbb35147/2.jpg",
            },
            Object {
              "description": null,
              "imageId": "8d1adb2e-ee09-4c94-8758-f23be1e4969a",
              "url": "https://assets-us-01.kc-usercontent.com:443/09fc0115-dd4d-00c7-5bd9-5f73836aee81/c6f94bd6-71ab-4499-98dd-d9ec39bc1a1f/1.jpg",
            },
            Object {
              "description": null,
              "imageId": "e268e8be-3d5e-4ba8-887c-49b357784d94",
              "url": "https://assets-us-01.kc-usercontent.com:443/09fc0115-dd4d-00c7-5bd9-5f73836aee81/78a90563-27b0-4f7c-9213-dc3b4cf840a0/3.jpg",
            },
          ],
          "linkedItemCodenames": Array [
            "developer_community_site",
            "e76716e9_bcf0_01ad_2031_4d08701b3a3f",
          ],
          "linked_items___NODE": Array [
            "dummyId",
            "dummyId",
          ],
          "links": Array [
            Object {
              "codename": "developer_community_site",
              "linkId": "59002186-1886-48f3-b8ba-6f053b5cf777",
              "type": "website",
              "urlSlug": "",
            },
          ],
          "name": "Bio",
          "resolvedHtml": "<p>I am a &nbsp;tech guy passionate about all of the new technologies and gadgets.<br>
Other language content: <br>
Currently I am interested in Gatsby.js. I have released the third version of Gatsby source plugin.<br>
</p>
<p type=\\"application/kenticocloud\\" data-type=\\"item\\" data-rel=\\"component\\" data-codename=\\"e76716e9_bcf0_01ad_2031_4d08701b3a3f\\" class=\\"kc-linked-item-wrapper\\"></p>
<p><br></p>
<p>Interesting in exploring how storytelling and targeted messaging create business-changing content.</p>
<p>As an Developer Advocate, I am responsible for running <a href=\\"https://github.com/Kentico\\">Kentico Github organization</a>, implementing inbound marketing strategies like <a data-item-id=\\"59002186-1886-48f3-b8ba-6f053b5cf777\\" href=\\"\\">Developer Community site&nbsp;</a> that help increase brand awareness of Kentico as an opensource friendly company and acquire new developers.</p>
<p type=\\"application/kenticocloud\\" data-type=\\"item\\" data-rel=\\"link\\" data-codename=\\"developer_community_site\\" class=\\"kc-linked-item-wrapper\\"></p>
<p>When I am not working, you’ll find me doing some sports, travelling, or in a <a data-asset-id=\\"e268e8be-3d5e-4ba8-887c-49b357784d94\\" href=\\"https://assets-us-01.kc-usercontent.com:443/09fc0115-dd4d-00c7-5bd9-5f73836aee81/78a90563-27b0-4f7c-9213-dc3b4cf840a0/3.jpg\\">pub</a>.<br>
</p>
<figure data-asset-id=\\"fcf07d43-46d4-46ef-a58d-c7bf7a4aecb1\\" data-image-id=\\"fcf07d43-46d4-46ef-a58d-c7bf7a4aecb1\\"><img src=\\"https://assets-us-01.kc-usercontent.com:443/09fc0115-dd4d-00c7-5bd9-5f73836aee81/0faa87b4-9e1e-41b8-8b38-c107cbb35147/2.jpg\\" data-asset-id=\\"fcf07d43-46d4-46ef-a58d-c7bf7a4aecb1\\" data-image-id=\\"fcf07d43-46d4-46ef-a58d-c7bf7a4aecb1\\" alt=\\"\\"></figure>
<figure data-asset-id=\\"8d1adb2e-ee09-4c94-8758-f23be1e4969a\\" data-image-id=\\"8d1adb2e-ee09-4c94-8758-f23be1e4969a\\"><img src=\\"https://assets-us-01.kc-usercontent.com:443/09fc0115-dd4d-00c7-5bd9-5f73836aee81/c6f94bd6-71ab-4499-98dd-d9ec39bc1a1f/1.jpg\\" data-asset-id=\\"8d1adb2e-ee09-4c94-8758-f23be1e4969a\\" data-image-id=\\"8d1adb2e-ee09-4c94-8758-f23be1e4969a\\" alt=\\"\\"></figure>
<figure data-asset-id=\\"e268e8be-3d5e-4ba8-887c-49b357784d94\\" data-image-id=\\"e268e8be-3d5e-4ba8-887c-49b357784d94\\"><img src=\\"https://assets-us-01.kc-usercontent.com:443/09fc0115-dd4d-00c7-5bd9-5f73836aee81/78a90563-27b0-4f7c-9213-dc3b4cf840a0/3.jpg\\" data-asset-id=\\"e268e8be-3d5e-4ba8-887c-49b357784d94\\" data-image-id=\\"e268e8be-3d5e-4ba8-887c-49b357784d94\\" alt=\\"\\"></figure>
<p><br></p>",
          "type": "rich_text",
          "value": "<p>I am a &nbsp;tech guy passionate about all of the new technologies and gadgets.<br>
Other language content: <br>
Currently I am interested in Gatsby.js. I have released the third version of Gatsby source plugin.<br>
</p>
<object type=\\"application/kenticocloud\\" data-type=\\"item\\" data-rel=\\"component\\" data-codename=\\"e76716e9_bcf0_01ad_2031_4d08701b3a3f\\"></object>
<p><br></p>
<p>Interesting in exploring how storytelling and targeted messaging create business-changing content.</p>
<p>As an Developer Advocate, I am responsible for running <a href=\\"https://github.com/Kentico\\">Kentico Github organization</a>, implementing inbound marketing strategies like <a data-item-id=\\"59002186-1886-48f3-b8ba-6f053b5cf777\\" href=\\"\\">Developer Community site&nbsp;</a> that help increase brand awareness of Kentico as an opensource friendly company and acquire new developers.</p>
<object type=\\"application/kenticocloud\\" data-type=\\"item\\" data-rel=\\"link\\" data-codename=\\"developer_community_site\\"></object>
<p>When I am not working, you’ll find me doing some sports, travelling, or in a <a data-asset-id=\\"e268e8be-3d5e-4ba8-887c-49b357784d94\\" href=\\"https://assets-us-01.kc-usercontent.com:443/09fc0115-dd4d-00c7-5bd9-5f73836aee81/78a90563-27b0-4f7c-9213-dc3b4cf840a0/3.jpg\\">pub</a>.<br>
</p>
<figure data-asset-id=\\"fcf07d43-46d4-46ef-a58d-c7bf7a4aecb1\\" data-image-id=\\"fcf07d43-46d4-46ef-a58d-c7bf7a4aecb1\\"><img src=\\"https://assets-us-01.kc-usercontent.com:443/09fc0115-dd4d-00c7-5bd9-5f73836aee81/0faa87b4-9e1e-41b8-8b38-c107cbb35147/2.jpg\\" data-asset-id=\\"fcf07d43-46d4-46ef-a58d-c7bf7a4aecb1\\" data-image-id=\\"fcf07d43-46d4-46ef-a58d-c7bf7a4aecb1\\" alt=\\"\\"></figure>
<figure data-asset-id=\\"8d1adb2e-ee09-4c94-8758-f23be1e4969a\\" data-image-id=\\"8d1adb2e-ee09-4c94-8758-f23be1e4969a\\"><img src=\\"https://assets-us-01.kc-usercontent.com:443/09fc0115-dd4d-00c7-5bd9-5f73836aee81/c6f94bd6-71ab-4499-98dd-d9ec39bc1a1f/1.jpg\\" data-asset-id=\\"8d1adb2e-ee09-4c94-8758-f23be1e4969a\\" data-image-id=\\"8d1adb2e-ee09-4c94-8758-f23be1e4969a\\" alt=\\"\\"></figure>
<figure data-asset-id=\\"e268e8be-3d5e-4ba8-887c-49b357784d94\\" data-image-id=\\"e268e8be-3d5e-4ba8-887c-49b357784d94\\"><img src=\\"https://assets-us-01.kc-usercontent.com:443/09fc0115-dd4d-00c7-5bd9-5f73836aee81/78a90563-27b0-4f7c-9213-dc3b4cf840a0/3.jpg\\" data-asset-id=\\"e268e8be-3d5e-4ba8-887c-49b357784d94\\" data-image-id=\\"e268e8be-3d5e-4ba8-887c-49b357784d94\\" alt=\\"\\"></figure>
<p><br></p>",
        },
        "date_of_birth": Object {
          "datetime": "1991-07-24T00:00:00.000Z",
          "name": "Date of Birth",
          "type": "date_time",
          "value": "1991-07-24T00:00:00Z",
        },
        "favorite_number": Object {
          "name": "Favorite Number",
          "number": 33,
          "type": "number",
          "value": 33,
        },
        "gender": Object {
          "name": "Gender",
          "options": Array [
            Object {
              "codename": "man",
              "name": "Man",
            },
          ],
          "type": "multiple_choice",
          "value": Array [
            Object {
              "codename": "man",
              "name": "Man",
            },
          ],
        },
        "name_and_surname": Object {
          "name": "Name and Surname",
          "text": "Ondřej Chrastina",
          "type": "text",
          "value": "Ondřej Chrastina",
        },
        "profile_photo": Object {
          "assets": Array [
            Object {
              "description": null,
              "name": "profil.png",
              "size": 74555,
              "type": "image/png",
              "url": "https://assets-us-01.kc-usercontent.com:443/09fc0115-dd4d-00c7-5bd9-5f73836aee81/0ad9d4fd-ab24-4899-9222-8926907a6962/profil.png",
            },
          ],
          "name": "Profile Photo",
          "type": "asset",
          "value": Array [
            Object {
              "description": null,
              "height": 218,
              "name": "profil.png",
              "size": 74555,
              "type": "image/png",
              "url": "https://assets-us-01.kc-usercontent.com:443/09fc0115-dd4d-00c7-5bd9-5f73836aee81/0ad9d4fd-ab24-4899-9222-8926907a6962/profil.png",
              "width": 219,
            },
          ],
        },
        "url_slug": Object {
          "name": "URL slug",
          "type": "url_slug",
          "value": "ondrej-chrastina",
        },
      },
      "id": "dummyId",
      "internal": Object {
        "contentDigest": "4ad5dce50dd2a248b4fa96ce577b0fd2",
        "type": "KenticoCloudItemPerson",
      },
      "otherLanguages___NODE": Array [],
      "parent": null,
      "system": Object {
        "codename": "ondrej_chrastina",
        "id": "d72eea98-774f-48fc-b52a-7ebc51271855",
        "language": "Another_language",
        "lastModified": "2019-04-29T14:44:36.1299868Z",
        "name": "Ondřej Chrastina",
        "sitemapLocations": Array [],
        "type": "person",
      },
      "usedByContentItems___NODE": Array [
        "dummyId",
      ],
    },
  ],
  Array [
    Object {
      "children": Array [],
      "contentType___NODE": "dummyId",
      "elements": Object {
        "author___NODE": Array [
          "dummyId",
        ],
        "description": Object {
          "images": Array [],
          "linkedItemCodenames": Array [],
          "linked_items___NODE": Array [],
          "links": Array [],
          "name": "Description",
          "resolvedHtml": "<p>The training should make the clear picture about the Kentico Cloud opensource activities. (other language)</p>",
          "type": "rich_text",
          "value": "<p>The training should make the clear picture about the Kentico Cloud opensource activities. (other language)</p>",
        },
        "name": Object {
          "name": "Name",
          "text": "Open-source training 2019",
          "type": "text",
          "value": "Open-source training 2019",
        },
        "sessions___NODE": Array [
          "dummyId",
        ],
      },
      "id": "dummyId",
      "internal": Object {
        "contentDigest": "391a9cf15a007e2c90d196729d207658",
        "type": "KenticoCloudItemTraining",
      },
      "otherLanguages___NODE": Array [],
      "parent": null,
      "system": Object {
        "codename": "open_source_training_2019",
        "id": "aae6c1cf-1d20-4a0e-949b-65a5d1bb7c8f",
        "language": "Another_language",
        "lastModified": "2019-04-29T14:47:05.7940332Z",
        "name": "Open-source training 2019",
        "sitemapLocations": Array [],
        "type": "training",
      },
      "usedByContentItems___NODE": Array [],
    },
  ],
  Array [
    Object {
      "children": Array [],
      "contentType___NODE": "dummyId",
      "elements": Object {
        "text": Object {
          "images": Array [],
          "linkedItemCodenames": Array [],
          "linked_items___NODE": Array [],
          "links": Array [],
          "name": "Text",
          "resolvedHtml": "<p><a href=\\"https://github.com/orgs/Kentico/projects\\">Projects</a></p>
<ul>
  <li>Purpose - organize issue cross repositories in specified stack
    <ul>
      <li>Emphasize&nbsp;<a href=\\"https://github.com/orgs/Kentico/projects/8\\">Content backlog</a></li>
    </ul>
  </li>
</ul>",
          "type": "rich_text",
          "value": "<p><a href=\\"https://github.com/orgs/Kentico/projects\\">Projects</a></p>
<ul>
  <li>Purpose - organize issue cross repositories in specified stack
    <ul>
      <li>Emphasize&nbsp;<a href=\\"https://github.com/orgs/Kentico/projects/8\\">Content backlog</a></li>
    </ul>
  </li>
</ul>",
        },
      },
      "id": "dummyId",
      "internal": Object {
        "contentDigest": "954246b212008cd87daa746c107897dd",
        "type": "KenticoCloudItemStep",
      },
      "otherLanguages___NODE": Array [],
      "parent": null,
      "system": Object {
        "codename": "projects",
        "id": "00b305ad-2f05-4899-9c14-17ea62d0032f",
        "language": "default",
        "lastModified": "2019-04-01T18:52:39.348748Z",
        "name": "Projects",
        "sitemapLocations": Array [],
        "type": "step",
      },
      "usedByContentItems___NODE": Array [
        "dummyId",
      ],
    },
  ],
  Array [
    Object {
      "children": Array [],
      "contentType___NODE": "dummyId",
      "elements": Object {
        "text": Object {
          "images": Array [],
          "linkedItemCodenames": Array [],
          "linked_items___NODE": Array [],
          "links": Array [],
          "name": "Text",
          "resolvedHtml": "<p><a href=\\"https://github.com/Kentico\\">Repositories</a></p>
<ul>
  <li>Groups&nbsp;
    <ul>
      <li>SDKs</li>
      <li>Sample apps</li>
      <li>Plugins/Extensions</li>
      <li>Documentation repos</li>
    </ul>
  </li>
  <li>Went through the repositories and make some short introduction for it (go through the description)</li>
  <li>Naming conventions for repository name</li>
  <li>Kentico Home repository (special one)
    <ul>
      <li>Go through the wiki articles:&nbsp;<a href=\\"https://github.com/Kentico/Home/wiki\\">https://github.com/Kentico/Home/wiki</a></li>
      <li>Describe&nbsp;<a href=\\"https://github.com/Kentico/Home/blob/master/CODE_OF_CONDUCT.md\\">Code of conduct</a>&nbsp;and&nbsp;<a href=\\"https://github.com/Kentico/Home/blob/master/CONTRIBUTING.md\\">Contributing</a></li>
    </ul>
  </li>
</ul>",
          "type": "rich_text",
          "value": "<p><a href=\\"https://github.com/Kentico\\">Repositories</a></p>
<ul>
  <li>Groups&nbsp;
    <ul>
      <li>SDKs</li>
      <li>Sample apps</li>
      <li>Plugins/Extensions</li>
      <li>Documentation repos</li>
    </ul>
  </li>
  <li>Went through the repositories and make some short introduction for it (go through the description)</li>
  <li>Naming conventions for repository name</li>
  <li>Kentico Home repository (special one)
    <ul>
      <li>Go through the wiki articles:&nbsp;<a href=\\"https://github.com/Kentico/Home/wiki\\">https://github.com/Kentico/Home/wiki</a></li>
      <li>Describe&nbsp;<a href=\\"https://github.com/Kentico/Home/blob/master/CODE_OF_CONDUCT.md\\">Code of conduct</a>&nbsp;and&nbsp;<a href=\\"https://github.com/Kentico/Home/blob/master/CONTRIBUTING.md\\">Contributing</a></li>
    </ul>
  </li>
</ul>",
        },
      },
      "id": "dummyId",
      "internal": Object {
        "contentDigest": "959ea20ad5d1f6da6a8ed6193e87de65",
        "type": "KenticoCloudItemStep",
      },
      "otherLanguages___NODE": Array [],
      "parent": null,
      "system": Object {
        "codename": "repositories",
        "id": "ea15d7bc-7d8f-4ded-9795-0e615b31316e",
        "language": "default",
        "lastModified": "2019-04-01T18:52:12.4177018Z",
        "name": "Repositories",
        "sitemapLocations": Array [],
        "type": "step",
      },
      "usedByContentItems___NODE": Array [
        "dummyId",
      ],
    },
  ],
  Array [
    Object {
      "children": Array [],
      "contentType___NODE": "dummyId",
      "elements": Object {
        "text": Object {
          "images": Array [],
          "linkedItemCodenames": Array [],
          "linked_items___NODE": Array [],
          "links": Array [],
          "name": "Text",
          "resolvedHtml": "<p><a href=\\"https://stackoverflow.com/tags/kentico-cloud\\">Stack overflow</a></p>
<ul>
  <li>Purpose - ask anything, better for complex questions than submitting question issue, which should be focused on the repository only</li>
</ul>",
          "type": "rich_text",
          "value": "<p><a href=\\"https://stackoverflow.com/tags/kentico-cloud\\">Stack overflow</a></p>
<ul>
  <li>Purpose - ask anything, better for complex questions than submitting question issue, which should be focused on the repository only</li>
</ul>",
        },
      },
      "id": "dummyId",
      "internal": Object {
        "contentDigest": "439399754dd3f31dfd2d0c112881a5a0",
        "type": "KenticoCloudItemStep",
      },
      "otherLanguages___NODE": Array [],
      "parent": null,
      "system": Object {
        "codename": "stack_overflow",
        "id": "a89518c5-82b9-457e-8cbd-a8719f8a3bdb",
        "language": "default",
        "lastModified": "2019-04-01T18:53:50.3351338Z",
        "name": "Stack overflow",
        "sitemapLocations": Array [],
        "type": "step",
      },
      "usedByContentItems___NODE": Array [
        "dummyId",
      ],
    },
  ],
  Array [
    Object {
      "children": Array [],
      "contentType___NODE": "dummyId",
      "elements": Object {
        "text": Object {
          "images": Array [],
          "linkedItemCodenames": Array [],
          "linked_items___NODE": Array [],
          "links": Array [],
          "name": "Text",
          "resolvedHtml": "<ul>
  <li>Teams are for organizing people to groups, they are used for permissions setup, interest grouping etc...
    <ul>
      <li>Description of the teams are described&nbsp;<a href=\\"https://github.com/Kentico/Home/wiki/Guidelines-for-GitHub-permissions-in-the-Kentico-organization\\">publicly</a></li>
    </ul>
  </li>
  <li><a href=\\"https://github.com/orgs/Kentico/people\\">People</a>
    <ul>
      <li>Github user has to be invited by the organization admin</li>
      <li>No out of the box way to request invitation right now</li>
    </ul>
  </li>
</ul>",
          "type": "rich_text",
          "value": "<ul>
  <li>Teams are for organizing people to groups, they are used for permissions setup, interest grouping etc...
    <ul>
      <li>Description of the teams are described&nbsp;<a href=\\"https://github.com/Kentico/Home/wiki/Guidelines-for-GitHub-permissions-in-the-Kentico-organization\\">publicly</a></li>
    </ul>
  </li>
  <li><a href=\\"https://github.com/orgs/Kentico/people\\">People</a>
    <ul>
      <li>Github user has to be invited by the organization admin</li>
      <li>No out of the box way to request invitation right now</li>
    </ul>
  </li>
</ul>",
        },
      },
      "id": "dummyId",
      "internal": Object {
        "contentDigest": "98cde950416e9709e84adea77c284727",
        "type": "KenticoCloudItemStep",
      },
      "otherLanguages___NODE": Array [],
      "parent": null,
      "system": Object {
        "codename": "teams_and_people",
        "id": "4a0ed14b-fe95-41f7-938f-000b9a400539",
        "language": "default",
        "lastModified": "2019-04-01T18:51:04.1737989Z",
        "name": "Teams and people",
        "sitemapLocations": Array [],
        "type": "step",
      },
      "usedByContentItems___NODE": Array [
        "dummyId",
      ],
    },
  ],
  Array [
    Object {
      "children": Array [],
      "contentType___NODE": "dummyId",
      "elements": Object {
        "description": Object {
          "name": "Description",
          "type": "custom",
          "value": "*Other language: *
# Gatsby source plugin for Kentico Cloud
[![Gatsby plugin library](https://img.shields.io/badge/Gatsby%20plugin%20library-%23663399.svg)](https://www.gatsbyjs.org/packages/gatsby-source-kentico-cloud)
[![Stack Overflow](https://img.shields.io/badge/Stack%20Overflow-ASK%20NOW-FE7A16.svg?logo=stackoverflow&logoColor=white)](https://stackoverflow.com/tags/kentico-cloud)

This repo contains a [Gatsby (v2) source plugin](https://www.gatsbyjs.org/docs/recipes/#sourcing-data) that retrieves data from the [Kentico Cloud](https://kenticocloud.com) Delivery API.

## Features

The plugin creates GraphQL nodes for all Kentico Cloud content types, content items, and its language variants.

The node names are prefixed with \`kenticoCloud\`. More specifically, content type nodes are prefixed by \`kenticoCloudType\` and content items and their language variants are prefixed with \`kenticoCloudItem\`.

GraphQL nodes of content items contain the ordinary \`system\` and \`elements\` properties. However, the properties inside \`elements\` always have an internal structure that the aforementioned [Delivery SDK](https://github.com/Kentico/kentico-cloud-js/blob/master/packages/delivery/lib/models/item/content-item.class.ts) produces with **modifications** described in following section.",
        },
        "name": Object {
          "name": "Name",
          "text": "Other language: Gatsby source plugin for Kentico Cloud",
          "type": "text",
          "value": "Other language: Gatsby source plugin for Kentico Cloud",
        },
        "url": Object {
          "name": "URL",
          "text": "https://github.com/Kentico/gatsby-source-kentico-cloud",
          "type": "text",
          "value": "https://github.com/Kentico/gatsby-source-kentico-cloud",
        },
      },
      "id": "dummyId",
      "internal": Object {
        "contentDigest": "0494ab6a77677ffa1ebc1377cb667d7f",
        "type": "KenticoCloudItemRepository",
      },
      "otherLanguages___NODE": Array [],
      "parent": null,
      "system": Object {
        "codename": "e76716e9_bcf0_01ad_2031_4d08701b3a3f",
        "id": "e76716e9-bcf0-01ad-2031-4d08701b3a3f",
        "language": "Another_language",
        "lastModified": "2019-04-29T14:44:36.1299868Z",
        "name": "e76716e9-bcf0-01ad-2031-4d08701b3a3f",
        "sitemapLocations": Array [],
        "type": "repository",
      },
      "usedByContentItems___NODE": Array [
        "dummyId",
      ],
    },
  ],
  Array [
    Object {
      "children": Array [],
      "contentType___NODE": "dummyId",
      "elements": Object {
        "text": Object {
          "images": Array [],
          "linkedItemCodenames": Array [],
          "linked_items___NODE": Array [],
          "links": Array [],
          "name": "Text",
          "resolvedHtml": "<p>(other language)<br>
Choose an example I have showed you and extend it</p>
<ul>
  <li>Add configuration</li>
  <li>Add some styling</li>
  <li>Preconfigure component</li>
</ul>",
          "type": "rich_text",
          "value": "<p>(other language)<br>
Choose an example I have showed you and extend it</p>
<ul>
  <li>Add configuration</li>
  <li>Add some styling</li>
  <li>Preconfigure component</li>
</ul>",
        },
      },
      "id": "dummyId",
      "internal": Object {
        "contentDigest": "282ec6d9536241e72097d5f3b105147d",
        "type": "KenticoCloudItemStep",
      },
      "otherLanguages___NODE": Array [],
      "parent": null,
      "system": Object {
        "codename": "f37dfa2e_0aa6_01ef_6f1e_f374c7fe3356",
        "id": "f37dfa2e-0aa6-01ef-6f1e-f374c7fe3356",
        "language": "Another_language",
        "lastModified": "2019-04-29T14:46:40.6273686Z",
        "name": "f37dfa2e-0aa6-01ef-6f1e-f374c7fe3356",
        "sitemapLocations": Array [],
        "type": "step",
      },
      "usedByContentItems___NODE": Array [
        "dummyId",
      ],
    },
  ],
  Array [
    Object {
      "children": Array [],
      "contentType___NODE": "dummyId",
      "elements": Object {
        "text": Object {
          "images": Array [],
          "linkedItemCodenames": Array [],
          "linked_items___NODE": Array [],
          "links": Array [],
          "name": "Text",
          "resolvedHtml": "<ul>
  <li>Implement your own custom element (other language)</li>
</ul>",
          "type": "rich_text",
          "value": "<ul>
  <li>Implement your own custom element (other language)</li>
</ul>",
        },
      },
      "id": "dummyId",
      "internal": Object {
        "contentDigest": "23f216579b8ce0734caaabfb47151833",
        "type": "KenticoCloudItemStep",
      },
      "otherLanguages___NODE": Array [],
      "parent": null,
      "system": Object {
        "codename": "n32ee0075_0b25_0105_503d_b8fc0eb3cc6e",
        "id": "32ee0075-0b25-0105-503d-b8fc0eb3cc6e",
        "language": "Another_language",
        "lastModified": "2019-04-29T14:46:40.6273686Z",
        "name": "32ee0075-0b25-0105-503d-b8fc0eb3cc6e",
        "sitemapLocations": Array [],
        "type": "step",
      },
      "usedByContentItems___NODE": Array [
        "dummyId",
      ],
    },
  ],
]
`;
